Archive member included because of file (symbol)

c:/program files (x86)/atmel/atmel toolchain/avr8 gcc/native/3.4.2.1002/avr8-gnu-toolchain/bin/../lib/gcc/avr/4.7.2/../../../../avr/lib/avr6\libm.a(cmpsf2.o)
                              gcode_process.o (__ltsf2)
c:/program files (x86)/atmel/atmel toolchain/avr8 gcc/native/3.4.2.1002/avr8-gnu-toolchain/bin/../lib/gcc/avr/4.7.2/../../../../avr/lib/avr6\libm.a(floatsisf.o)
                              gcode_process.o (__floatsisf)
c:/program files (x86)/atmel/atmel toolchain/avr8 gcc/native/3.4.2.1002/avr8-gnu-toolchain/bin/../lib/gcc/avr/4.7.2/../../../../avr/lib/avr6\libm.a(fp_cmp.o)
                              c:/program files (x86)/atmel/atmel toolchain/avr8 gcc/native/3.4.2.1002/avr8-gnu-toolchain/bin/../lib/gcc/avr/4.7.2/../../../../avr/lib/avr6\libm.a(cmpsf2.o) (__fp_cmp)
c:/program files (x86)/atmel/atmel toolchain/avr8 gcc/native/3.4.2.1002/avr8-gnu-toolchain/bin/../lib/gcc/avr/4.7.2/../../../../avr/lib/avr6\libm.a(gesf2.o)
                              gcode_process.o (__gtsf2)
c:/program files (x86)/atmel/atmel toolchain/avr8 gcc/native/3.4.2.1002/avr8-gnu-toolchain/bin/../lib/gcc/avr/4.7.2/avr6\libgcc.a(_mulsi3.o)
                              dda.o (__mulsi3)
c:/program files (x86)/atmel/atmel toolchain/avr8 gcc/native/3.4.2.1002/avr8-gnu-toolchain/bin/../lib/gcc/avr/4.7.2/avr6\libgcc.a(_udivmodsi4.o)
                              dda.o (__udivmodsi4)
c:/program files (x86)/atmel/atmel toolchain/avr8 gcc/native/3.4.2.1002/avr8-gnu-toolchain/bin/../lib/gcc/avr/4.7.2/avr6\libgcc.a(_divmodsi4.o)
                              dda.o (__divmodsi4)
c:/program files (x86)/atmel/atmel toolchain/avr8 gcc/native/3.4.2.1002/avr8-gnu-toolchain/bin/../lib/gcc/avr/4.7.2/avr6\libgcc.a(_exit.o)
                              c:/program files (x86)/atmel/atmel toolchain/avr8 gcc/native/3.4.2.1002/avr8-gnu-toolchain/bin/../lib/gcc/avr/4.7.2/../../../../avr/lib/avr6/crtm2560.o (exit)
c:/program files (x86)/atmel/atmel toolchain/avr8 gcc/native/3.4.2.1002/avr8-gnu-toolchain/bin/../lib/gcc/avr/4.7.2/avr6\libgcc.a(_tablejump.o)
                              gcode_parse.o (__tablejump2__)
c:/program files (x86)/atmel/atmel toolchain/avr8 gcc/native/3.4.2.1002/avr8-gnu-toolchain/bin/../lib/gcc/avr/4.7.2/avr6\libgcc.a(_copy_data.o)
                              heater.o (__do_copy_data)
c:/program files (x86)/atmel/atmel toolchain/avr8 gcc/native/3.4.2.1002/avr8-gnu-toolchain/bin/../lib/gcc/avr/4.7.2/avr6\libgcc.a(_clear_bss.o)
                              analog.o (__do_clear_bss)
c:/program files (x86)/atmel/atmel toolchain/avr8 gcc/native/3.4.2.1002/avr8-gnu-toolchain/bin/../lib/gcc/avr/4.7.2/avr6\libgcc.a(_umulhisi3.o)
                              gcode_parse.o (__umulhisi3)
c:/program files (x86)/atmel/atmel toolchain/avr8 gcc/native/3.4.2.1002/avr8-gnu-toolchain/bin/../lib/gcc/avr/4.7.2/avr6\libgcc.a(_muluhisi3.o)
                              dda.o (__muluhisi3)
c:/program files (x86)/atmel/atmel toolchain/avr8 gcc/native/3.4.2.1002/avr8-gnu-toolchain/bin/../lib/gcc/avr/4.7.2/avr6\libgcc.a(_mulshisi3.o)
                              heater.o (__mulshisi3)
c:/program files (x86)/atmel/atmel toolchain/avr8 gcc/native/3.4.2.1002/avr8-gnu-toolchain/bin/../lib/gcc/avr/4.7.2/../../../../avr/lib/avr6\libc.a(eerd_dword_atmega2560.o)
                              heater.o (__eerd_dword_m2560)
c:/program files (x86)/atmel/atmel toolchain/avr8 gcc/native/3.4.2.1002/avr8-gnu-toolchain/bin/../lib/gcc/avr/4.7.2/../../../../avr/lib/avr6\libc.a(eerd_word_atmega2560.o)
                              heater.o (__eerd_word_m2560)
c:/program files (x86)/atmel/atmel toolchain/avr8 gcc/native/3.4.2.1002/avr8-gnu-toolchain/bin/../lib/gcc/avr/4.7.2/../../../../avr/lib/avr6\libc.a(eewr_dword_atmega2560.o)
                              heater.o (__eewr_dword_m2560)
c:/program files (x86)/atmel/atmel toolchain/avr8 gcc/native/3.4.2.1002/avr8-gnu-toolchain/bin/../lib/gcc/avr/4.7.2/../../../../avr/lib/avr6\libc.a(eewr_word_atmega2560.o)
                              heater.o (__eewr_word_m2560)
c:/program files (x86)/atmel/atmel toolchain/avr8 gcc/native/3.4.2.1002/avr8-gnu-toolchain/bin/../lib/gcc/avr/4.7.2/../../../../avr/lib/avr6\libc.a(eerd_block_atmega2560.o)
                              c:/program files (x86)/atmel/atmel toolchain/avr8 gcc/native/3.4.2.1002/avr8-gnu-toolchain/bin/../lib/gcc/avr/4.7.2/../../../../avr/lib/avr6\libc.a(eerd_dword_atmega2560.o) (__eerd_blraw_m2560)
c:/program files (x86)/atmel/atmel toolchain/avr8 gcc/native/3.4.2.1002/avr8-gnu-toolchain/bin/../lib/gcc/avr/4.7.2/../../../../avr/lib/avr6\libc.a(eewr_byte_atmega2560.o)
                              c:/program files (x86)/atmel/atmel toolchain/avr8 gcc/native/3.4.2.1002/avr8-gnu-toolchain/bin/../lib/gcc/avr/4.7.2/../../../../avr/lib/avr6\libc.a(eewr_word_atmega2560.o) (__eewr_byte_m2560)

Allocating common symbols
Common symbol       size              file

rxbuf               0x40              serial.o
next_tool           0x1               gcode_process.o
_XEncoderBSet       0x1               dda.o
temp_sensors_runtime
                    0x9               temp.o
tool                0x1               gcode_process.o
_YEncoderBSet       0x1               dda.o
next_step_time      0x4               timer.o
err_codes           0x1               intercom.o
_YEncoderISet       0x1               dda.o
heaters_runtime     0x28              heater.o
_XEncoderISet       0x1               dda.o
heaters_pid         0x1c              heater.o
txbuf               0x40              serial.o
debug_flags         0x1               debug.o

Discarded input sections

 .bss           0x00000000        0x0 c:/program files (x86)/atmel/atmel toolchain/avr8 gcc/native/3.4.2.1002/avr8-gnu-toolchain/bin/../lib/gcc/avr/4.7.2/../../../../avr/lib/avr6/crtm2560.o
 .text          0x00000000        0x0 analog.o
 .text          0x00000000        0x0 clock.o
 .bss           0x00000000        0x0 clock.o
 .text          0x00000000        0x0 copier.o
 .bss           0x00000000        0x0 copier.o
 .text          0x00000000        0x0 crc.o
 .bss           0x00000000        0x0 crc.o
 .text          0x00000000        0x0 dda.o
 .bss._YEncoderIndex
                0x00000000        0x4 dda.o
 .bss._XEncoderIndex
                0x00000000        0x4 dda.o
 .text          0x00000000        0x0 dda_lookahead.o
 .bss           0x00000000        0x0 dda_lookahead.o
 .text          0x00000000        0x0 dda_maths.o
 .bss           0x00000000        0x0 dda_maths.o
 .text.int_sqrt
                0x00000000       0xc0 dda_maths.o
 .text.msbloc   0x00000000       0x50 dda_maths.o
 .text          0x00000000        0x0 dda_queue.o
 .text          0x00000000        0x0 debug.o
 .bss           0x00000000        0x0 debug.o
 .text          0x00000000        0x0 delay.o
 .bss           0x00000000        0x0 delay.o
 .text          0x00000000        0x0 gcode_parse.o
 .text.request_resend
                0x00000000       0x24 gcode_parse.o
 .progmem.data.__c.1969
                0x00000000        0x4 gcode_parse.o
 .text          0x00000000        0x0 gcode_process.o
 .bss           0x00000000        0x0 gcode_process.o
 .text          0x00000000        0x0 graycode.o
 .bss           0x00000000        0x0 graycode.o
 .text          0x00000000        0x0 heater.o
 .bss           0x00000000        0x0 heater.o
 .text.heaters_all_off
                0x00000000       0x1c heater.o
 .text          0x00000000        0x0 home.o
 .bss           0x00000000        0x0 home.o
 .text          0x00000000        0x0 intercom.o
 .bss           0x00000000        0x0 intercom.o
 COMMON         0x00000000        0x1 intercom.o
 .text          0x00000000        0x0 mendel.o
 .bss           0x00000000        0x0 mendel.o
 .text          0x00000000        0x0 pinio.o
 .bss           0x00000000        0x0 pinio.o
 .text          0x00000000        0x0 sd.o
 .bss           0x00000000        0x0 sd.o
 .text          0x00000000        0x0 serial.o
 .bss           0x00000000        0x0 serial.o
 .text.serial_writeblock
                0x00000000       0x2e serial.o
 .text.serial_writestr
                0x00000000       0x2a serial.o
 .text.serial_writeblock_P
                0x00000000       0x32 serial.o
 .text          0x00000000        0x0 sermsg.o
 .bss           0x00000000        0x0 sermsg.o
 .text          0x00000000        0x0 sersendf.o
 .bss           0x00000000        0x0 sersendf.o
 .text          0x00000000        0x0 temp.o
 .bss           0x00000000        0x0 temp.o
 .text.temp_get
                0x00000000       0x18 temp.o
 .text          0x00000000        0x0 timer.o
 .bss           0x00000000        0x0 timer.o
 .text          0x00000000        0x0 usb_serial.o
 .bss           0x00000000        0x0 usb_serial.o
 .text          0x00000000        0x0 watchdog.o
 .bss           0x00000000        0x0 watchdog.o
 .text          0x00000000        0x0 c:/program files (x86)/atmel/atmel toolchain/avr8 gcc/native/3.4.2.1002/avr8-gnu-toolchain/bin/../lib/gcc/avr/4.7.2/../../../../avr/lib/avr6\libm.a(cmpsf2.o)
 .bss           0x00000000        0x0 c:/program files (x86)/atmel/atmel toolchain/avr8 gcc/native/3.4.2.1002/avr8-gnu-toolchain/bin/../lib/gcc/avr/4.7.2/../../../../avr/lib/avr6\libm.a(cmpsf2.o)
 .text          0x00000000        0x0 c:/program files (x86)/atmel/atmel toolchain/avr8 gcc/native/3.4.2.1002/avr8-gnu-toolchain/bin/../lib/gcc/avr/4.7.2/../../../../avr/lib/avr6\libm.a(floatsisf.o)
 .bss           0x00000000        0x0 c:/program files (x86)/atmel/atmel toolchain/avr8 gcc/native/3.4.2.1002/avr8-gnu-toolchain/bin/../lib/gcc/avr/4.7.2/../../../../avr/lib/avr6\libm.a(floatsisf.o)
 .text          0x00000000        0x0 c:/program files (x86)/atmel/atmel toolchain/avr8 gcc/native/3.4.2.1002/avr8-gnu-toolchain/bin/../lib/gcc/avr/4.7.2/../../../../avr/lib/avr6\libm.a(fp_cmp.o)
 .bss           0x00000000        0x0 c:/program files (x86)/atmel/atmel toolchain/avr8 gcc/native/3.4.2.1002/avr8-gnu-toolchain/bin/../lib/gcc/avr/4.7.2/../../../../avr/lib/avr6\libm.a(fp_cmp.o)
 .text          0x00000000        0x0 c:/program files (x86)/atmel/atmel toolchain/avr8 gcc/native/3.4.2.1002/avr8-gnu-toolchain/bin/../lib/gcc/avr/4.7.2/../../../../avr/lib/avr6\libm.a(gesf2.o)
 .bss           0x00000000        0x0 c:/program files (x86)/atmel/atmel toolchain/avr8 gcc/native/3.4.2.1002/avr8-gnu-toolchain/bin/../lib/gcc/avr/4.7.2/../../../../avr/lib/avr6\libm.a(gesf2.o)
 .text          0x00000000        0x0 c:/program files (x86)/atmel/atmel toolchain/avr8 gcc/native/3.4.2.1002/avr8-gnu-toolchain/bin/../lib/gcc/avr/4.7.2/avr6\libgcc.a(_mulsi3.o)
 .bss           0x00000000        0x0 c:/program files (x86)/atmel/atmel toolchain/avr8 gcc/native/3.4.2.1002/avr8-gnu-toolchain/bin/../lib/gcc/avr/4.7.2/avr6\libgcc.a(_mulsi3.o)
 .text.libgcc.div
                0x00000000        0x0 c:/program files (x86)/atmel/atmel toolchain/avr8 gcc/native/3.4.2.1002/avr8-gnu-toolchain/bin/../lib/gcc/avr/4.7.2/avr6\libgcc.a(_mulsi3.o)
 .text.libgcc   0x00000000        0x0 c:/program files (x86)/atmel/atmel toolchain/avr8 gcc/native/3.4.2.1002/avr8-gnu-toolchain/bin/../lib/gcc/avr/4.7.2/avr6\libgcc.a(_mulsi3.o)
 .text.libgcc.prologue
                0x00000000        0x0 c:/program files (x86)/atmel/atmel toolchain/avr8 gcc/native/3.4.2.1002/avr8-gnu-toolchain/bin/../lib/gcc/avr/4.7.2/avr6\libgcc.a(_mulsi3.o)
 .text.libgcc.builtins
                0x00000000        0x0 c:/program files (x86)/atmel/atmel toolchain/avr8 gcc/native/3.4.2.1002/avr8-gnu-toolchain/bin/../lib/gcc/avr/4.7.2/avr6\libgcc.a(_mulsi3.o)
 .text.libgcc.fmul
                0x00000000        0x0 c:/program files (x86)/atmel/atmel toolchain/avr8 gcc/native/3.4.2.1002/avr8-gnu-toolchain/bin/../lib/gcc/avr/4.7.2/avr6\libgcc.a(_mulsi3.o)
 .text          0x00000000        0x0 c:/program files (x86)/atmel/atmel toolchain/avr8 gcc/native/3.4.2.1002/avr8-gnu-toolchain/bin/../lib/gcc/avr/4.7.2/avr6\libgcc.a(_udivmodsi4.o)
 .bss           0x00000000        0x0 c:/program files (x86)/atmel/atmel toolchain/avr8 gcc/native/3.4.2.1002/avr8-gnu-toolchain/bin/../lib/gcc/avr/4.7.2/avr6\libgcc.a(_udivmodsi4.o)
 .text.libgcc.mul
                0x00000000        0x0 c:/program files (x86)/atmel/atmel toolchain/avr8 gcc/native/3.4.2.1002/avr8-gnu-toolchain/bin/../lib/gcc/avr/4.7.2/avr6\libgcc.a(_udivmodsi4.o)
 .text.libgcc   0x00000000        0x0 c:/program files (x86)/atmel/atmel toolchain/avr8 gcc/native/3.4.2.1002/avr8-gnu-toolchain/bin/../lib/gcc/avr/4.7.2/avr6\libgcc.a(_udivmodsi4.o)
 .text.libgcc.prologue
                0x00000000        0x0 c:/program files (x86)/atmel/atmel toolchain/avr8 gcc/native/3.4.2.1002/avr8-gnu-toolchain/bin/../lib/gcc/avr/4.7.2/avr6\libgcc.a(_udivmodsi4.o)
 .text.libgcc.builtins
                0x00000000        0x0 c:/program files (x86)/atmel/atmel toolchain/avr8 gcc/native/3.4.2.1002/avr8-gnu-toolchain/bin/../lib/gcc/avr/4.7.2/avr6\libgcc.a(_udivmodsi4.o)
 .text.libgcc.fmul
                0x00000000        0x0 c:/program files (x86)/atmel/atmel toolchain/avr8 gcc/native/3.4.2.1002/avr8-gnu-toolchain/bin/../lib/gcc/avr/4.7.2/avr6\libgcc.a(_udivmodsi4.o)
 .text          0x00000000        0x0 c:/program files (x86)/atmel/atmel toolchain/avr8 gcc/native/3.4.2.1002/avr8-gnu-toolchain/bin/../lib/gcc/avr/4.7.2/avr6\libgcc.a(_divmodsi4.o)
 .bss           0x00000000        0x0 c:/program files (x86)/atmel/atmel toolchain/avr8 gcc/native/3.4.2.1002/avr8-gnu-toolchain/bin/../lib/gcc/avr/4.7.2/avr6\libgcc.a(_divmodsi4.o)
 .text.libgcc.mul
                0x00000000        0x0 c:/program files (x86)/atmel/atmel toolchain/avr8 gcc/native/3.4.2.1002/avr8-gnu-toolchain/bin/../lib/gcc/avr/4.7.2/avr6\libgcc.a(_divmodsi4.o)
 .text.libgcc   0x00000000        0x0 c:/program files (x86)/atmel/atmel toolchain/avr8 gcc/native/3.4.2.1002/avr8-gnu-toolchain/bin/../lib/gcc/avr/4.7.2/avr6\libgcc.a(_divmodsi4.o)
 .text.libgcc.prologue
                0x00000000        0x0 c:/program files (x86)/atmel/atmel toolchain/avr8 gcc/native/3.4.2.1002/avr8-gnu-toolchain/bin/../lib/gcc/avr/4.7.2/avr6\libgcc.a(_divmodsi4.o)
 .text.libgcc.builtins
                0x00000000        0x0 c:/program files (x86)/atmel/atmel toolchain/avr8 gcc/native/3.4.2.1002/avr8-gnu-toolchain/bin/../lib/gcc/avr/4.7.2/avr6\libgcc.a(_divmodsi4.o)
 .text.libgcc.fmul
                0x00000000        0x0 c:/program files (x86)/atmel/atmel toolchain/avr8 gcc/native/3.4.2.1002/avr8-gnu-toolchain/bin/../lib/gcc/avr/4.7.2/avr6\libgcc.a(_divmodsi4.o)
 .text          0x00000000        0x0 c:/program files (x86)/atmel/atmel toolchain/avr8 gcc/native/3.4.2.1002/avr8-gnu-toolchain/bin/../lib/gcc/avr/4.7.2/avr6\libgcc.a(_exit.o)
 .bss           0x00000000        0x0 c:/program files (x86)/atmel/atmel toolchain/avr8 gcc/native/3.4.2.1002/avr8-gnu-toolchain/bin/../lib/gcc/avr/4.7.2/avr6\libgcc.a(_exit.o)
 .text.libgcc.mul
                0x00000000        0x0 c:/program files (x86)/atmel/atmel toolchain/avr8 gcc/native/3.4.2.1002/avr8-gnu-toolchain/bin/../lib/gcc/avr/4.7.2/avr6\libgcc.a(_exit.o)
 .text.libgcc.div
                0x00000000        0x0 c:/program files (x86)/atmel/atmel toolchain/avr8 gcc/native/3.4.2.1002/avr8-gnu-toolchain/bin/../lib/gcc/avr/4.7.2/avr6\libgcc.a(_exit.o)
 .text.libgcc   0x00000000        0x0 c:/program files (x86)/atmel/atmel toolchain/avr8 gcc/native/3.4.2.1002/avr8-gnu-toolchain/bin/../lib/gcc/avr/4.7.2/avr6\libgcc.a(_exit.o)
 .text.libgcc.prologue
                0x00000000        0x0 c:/program files (x86)/atmel/atmel toolchain/avr8 gcc/native/3.4.2.1002/avr8-gnu-toolchain/bin/../lib/gcc/avr/4.7.2/avr6\libgcc.a(_exit.o)
 .text.libgcc.builtins
                0x00000000        0x0 c:/program files (x86)/atmel/atmel toolchain/avr8 gcc/native/3.4.2.1002/avr8-gnu-toolchain/bin/../lib/gcc/avr/4.7.2/avr6\libgcc.a(_exit.o)
 .text.libgcc.fmul
                0x00000000        0x0 c:/program files (x86)/atmel/atmel toolchain/avr8 gcc/native/3.4.2.1002/avr8-gnu-toolchain/bin/../lib/gcc/avr/4.7.2/avr6\libgcc.a(_exit.o)
 .text          0x00000000        0x0 c:/program files (x86)/atmel/atmel toolchain/avr8 gcc/native/3.4.2.1002/avr8-gnu-toolchain/bin/../lib/gcc/avr/4.7.2/avr6\libgcc.a(_tablejump.o)
 .bss           0x00000000        0x0 c:/program files (x86)/atmel/atmel toolchain/avr8 gcc/native/3.4.2.1002/avr8-gnu-toolchain/bin/../lib/gcc/avr/4.7.2/avr6\libgcc.a(_tablejump.o)
 .text.libgcc.mul
                0x00000000        0x0 c:/program files (x86)/atmel/atmel toolchain/avr8 gcc/native/3.4.2.1002/avr8-gnu-toolchain/bin/../lib/gcc/avr/4.7.2/avr6\libgcc.a(_tablejump.o)
 .text.libgcc.div
                0x00000000        0x0 c:/program files (x86)/atmel/atmel toolchain/avr8 gcc/native/3.4.2.1002/avr8-gnu-toolchain/bin/../lib/gcc/avr/4.7.2/avr6\libgcc.a(_tablejump.o)
 .text.libgcc.prologue
                0x00000000        0x0 c:/program files (x86)/atmel/atmel toolchain/avr8 gcc/native/3.4.2.1002/avr8-gnu-toolchain/bin/../lib/gcc/avr/4.7.2/avr6\libgcc.a(_tablejump.o)
 .text.libgcc.builtins
                0x00000000        0x0 c:/program files (x86)/atmel/atmel toolchain/avr8 gcc/native/3.4.2.1002/avr8-gnu-toolchain/bin/../lib/gcc/avr/4.7.2/avr6\libgcc.a(_tablejump.o)
 .text.libgcc.fmul
                0x00000000        0x0 c:/program files (x86)/atmel/atmel toolchain/avr8 gcc/native/3.4.2.1002/avr8-gnu-toolchain/bin/../lib/gcc/avr/4.7.2/avr6\libgcc.a(_tablejump.o)
 .text          0x00000000        0x0 c:/program files (x86)/atmel/atmel toolchain/avr8 gcc/native/3.4.2.1002/avr8-gnu-toolchain/bin/../lib/gcc/avr/4.7.2/avr6\libgcc.a(_copy_data.o)
 .bss           0x00000000        0x0 c:/program files (x86)/atmel/atmel toolchain/avr8 gcc/native/3.4.2.1002/avr8-gnu-toolchain/bin/../lib/gcc/avr/4.7.2/avr6\libgcc.a(_copy_data.o)
 .text.libgcc.mul
                0x00000000        0x0 c:/program files (x86)/atmel/atmel toolchain/avr8 gcc/native/3.4.2.1002/avr8-gnu-toolchain/bin/../lib/gcc/avr/4.7.2/avr6\libgcc.a(_copy_data.o)
 .text.libgcc.div
                0x00000000        0x0 c:/program files (x86)/atmel/atmel toolchain/avr8 gcc/native/3.4.2.1002/avr8-gnu-toolchain/bin/../lib/gcc/avr/4.7.2/avr6\libgcc.a(_copy_data.o)
 .text.libgcc   0x00000000        0x0 c:/program files (x86)/atmel/atmel toolchain/avr8 gcc/native/3.4.2.1002/avr8-gnu-toolchain/bin/../lib/gcc/avr/4.7.2/avr6\libgcc.a(_copy_data.o)
 .text.libgcc.prologue
                0x00000000        0x0 c:/program files (x86)/atmel/atmel toolchain/avr8 gcc/native/3.4.2.1002/avr8-gnu-toolchain/bin/../lib/gcc/avr/4.7.2/avr6\libgcc.a(_copy_data.o)
 .text.libgcc.builtins
                0x00000000        0x0 c:/program files (x86)/atmel/atmel toolchain/avr8 gcc/native/3.4.2.1002/avr8-gnu-toolchain/bin/../lib/gcc/avr/4.7.2/avr6\libgcc.a(_copy_data.o)
 .text.libgcc.fmul
                0x00000000        0x0 c:/program files (x86)/atmel/atmel toolchain/avr8 gcc/native/3.4.2.1002/avr8-gnu-toolchain/bin/../lib/gcc/avr/4.7.2/avr6\libgcc.a(_copy_data.o)
 .text          0x00000000        0x0 c:/program files (x86)/atmel/atmel toolchain/avr8 gcc/native/3.4.2.1002/avr8-gnu-toolchain/bin/../lib/gcc/avr/4.7.2/avr6\libgcc.a(_clear_bss.o)
 .bss           0x00000000        0x0 c:/program files (x86)/atmel/atmel toolchain/avr8 gcc/native/3.4.2.1002/avr8-gnu-toolchain/bin/../lib/gcc/avr/4.7.2/avr6\libgcc.a(_clear_bss.o)
 .text.libgcc.mul
                0x00000000        0x0 c:/program files (x86)/atmel/atmel toolchain/avr8 gcc/native/3.4.2.1002/avr8-gnu-toolchain/bin/../lib/gcc/avr/4.7.2/avr6\libgcc.a(_clear_bss.o)
 .text.libgcc.div
                0x00000000        0x0 c:/program files (x86)/atmel/atmel toolchain/avr8 gcc/native/3.4.2.1002/avr8-gnu-toolchain/bin/../lib/gcc/avr/4.7.2/avr6\libgcc.a(_clear_bss.o)
 .text.libgcc   0x00000000        0x0 c:/program files (x86)/atmel/atmel toolchain/avr8 gcc/native/3.4.2.1002/avr8-gnu-toolchain/bin/../lib/gcc/avr/4.7.2/avr6\libgcc.a(_clear_bss.o)
 .text.libgcc.prologue
                0x00000000        0x0 c:/program files (x86)/atmel/atmel toolchain/avr8 gcc/native/3.4.2.1002/avr8-gnu-toolchain/bin/../lib/gcc/avr/4.7.2/avr6\libgcc.a(_clear_bss.o)
 .text.libgcc.builtins
                0x00000000        0x0 c:/program files (x86)/atmel/atmel toolchain/avr8 gcc/native/3.4.2.1002/avr8-gnu-toolchain/bin/../lib/gcc/avr/4.7.2/avr6\libgcc.a(_clear_bss.o)
 .text.libgcc.fmul
                0x00000000        0x0 c:/program files (x86)/atmel/atmel toolchain/avr8 gcc/native/3.4.2.1002/avr8-gnu-toolchain/bin/../lib/gcc/avr/4.7.2/avr6\libgcc.a(_clear_bss.o)
 .text          0x00000000        0x0 c:/program files (x86)/atmel/atmel toolchain/avr8 gcc/native/3.4.2.1002/avr8-gnu-toolchain/bin/../lib/gcc/avr/4.7.2/avr6\libgcc.a(_umulhisi3.o)
 .bss           0x00000000        0x0 c:/program files (x86)/atmel/atmel toolchain/avr8 gcc/native/3.4.2.1002/avr8-gnu-toolchain/bin/../lib/gcc/avr/4.7.2/avr6\libgcc.a(_umulhisi3.o)
 .text.libgcc.div
                0x00000000        0x0 c:/program files (x86)/atmel/atmel toolchain/avr8 gcc/native/3.4.2.1002/avr8-gnu-toolchain/bin/../lib/gcc/avr/4.7.2/avr6\libgcc.a(_umulhisi3.o)
 .text.libgcc   0x00000000        0x0 c:/program files (x86)/atmel/atmel toolchain/avr8 gcc/native/3.4.2.1002/avr8-gnu-toolchain/bin/../lib/gcc/avr/4.7.2/avr6\libgcc.a(_umulhisi3.o)
 .text.libgcc.prologue
                0x00000000        0x0 c:/program files (x86)/atmel/atmel toolchain/avr8 gcc/native/3.4.2.1002/avr8-gnu-toolchain/bin/../lib/gcc/avr/4.7.2/avr6\libgcc.a(_umulhisi3.o)
 .text.libgcc.builtins
                0x00000000        0x0 c:/program files (x86)/atmel/atmel toolchain/avr8 gcc/native/3.4.2.1002/avr8-gnu-toolchain/bin/../lib/gcc/avr/4.7.2/avr6\libgcc.a(_umulhisi3.o)
 .text.libgcc.fmul
                0x00000000        0x0 c:/program files (x86)/atmel/atmel toolchain/avr8 gcc/native/3.4.2.1002/avr8-gnu-toolchain/bin/../lib/gcc/avr/4.7.2/avr6\libgcc.a(_umulhisi3.o)
 .text          0x00000000        0x0 c:/program files (x86)/atmel/atmel toolchain/avr8 gcc/native/3.4.2.1002/avr8-gnu-toolchain/bin/../lib/gcc/avr/4.7.2/avr6\libgcc.a(_muluhisi3.o)
 .bss           0x00000000        0x0 c:/program files (x86)/atmel/atmel toolchain/avr8 gcc/native/3.4.2.1002/avr8-gnu-toolchain/bin/../lib/gcc/avr/4.7.2/avr6\libgcc.a(_muluhisi3.o)
 .text.libgcc.div
                0x00000000        0x0 c:/program files (x86)/atmel/atmel toolchain/avr8 gcc/native/3.4.2.1002/avr8-gnu-toolchain/bin/../lib/gcc/avr/4.7.2/avr6\libgcc.a(_muluhisi3.o)
 .text.libgcc   0x00000000        0x0 c:/program files (x86)/atmel/atmel toolchain/avr8 gcc/native/3.4.2.1002/avr8-gnu-toolchain/bin/../lib/gcc/avr/4.7.2/avr6\libgcc.a(_muluhisi3.o)
 .text.libgcc.prologue
                0x00000000        0x0 c:/program files (x86)/atmel/atmel toolchain/avr8 gcc/native/3.4.2.1002/avr8-gnu-toolchain/bin/../lib/gcc/avr/4.7.2/avr6\libgcc.a(_muluhisi3.o)
 .text.libgcc.builtins
                0x00000000        0x0 c:/program files (x86)/atmel/atmel toolchain/avr8 gcc/native/3.4.2.1002/avr8-gnu-toolchain/bin/../lib/gcc/avr/4.7.2/avr6\libgcc.a(_muluhisi3.o)
 .text.libgcc.fmul
                0x00000000        0x0 c:/program files (x86)/atmel/atmel toolchain/avr8 gcc/native/3.4.2.1002/avr8-gnu-toolchain/bin/../lib/gcc/avr/4.7.2/avr6\libgcc.a(_muluhisi3.o)
 .text          0x00000000        0x0 c:/program files (x86)/atmel/atmel toolchain/avr8 gcc/native/3.4.2.1002/avr8-gnu-toolchain/bin/../lib/gcc/avr/4.7.2/avr6\libgcc.a(_mulshisi3.o)
 .bss           0x00000000        0x0 c:/program files (x86)/atmel/atmel toolchain/avr8 gcc/native/3.4.2.1002/avr8-gnu-toolchain/bin/../lib/gcc/avr/4.7.2/avr6\libgcc.a(_mulshisi3.o)
 .text.libgcc.div
                0x00000000        0x0 c:/program files (x86)/atmel/atmel toolchain/avr8 gcc/native/3.4.2.1002/avr8-gnu-toolchain/bin/../lib/gcc/avr/4.7.2/avr6\libgcc.a(_mulshisi3.o)
 .text.libgcc   0x00000000        0x0 c:/program files (x86)/atmel/atmel toolchain/avr8 gcc/native/3.4.2.1002/avr8-gnu-toolchain/bin/../lib/gcc/avr/4.7.2/avr6\libgcc.a(_mulshisi3.o)
 .text.libgcc.prologue
                0x00000000        0x0 c:/program files (x86)/atmel/atmel toolchain/avr8 gcc/native/3.4.2.1002/avr8-gnu-toolchain/bin/../lib/gcc/avr/4.7.2/avr6\libgcc.a(_mulshisi3.o)
 .text.libgcc.builtins
                0x00000000        0x0 c:/program files (x86)/atmel/atmel toolchain/avr8 gcc/native/3.4.2.1002/avr8-gnu-toolchain/bin/../lib/gcc/avr/4.7.2/avr6\libgcc.a(_mulshisi3.o)
 .text.libgcc.fmul
                0x00000000        0x0 c:/program files (x86)/atmel/atmel toolchain/avr8 gcc/native/3.4.2.1002/avr8-gnu-toolchain/bin/../lib/gcc/avr/4.7.2/avr6\libgcc.a(_mulshisi3.o)
 .text          0x00000000        0x0 c:/program files (x86)/atmel/atmel toolchain/avr8 gcc/native/3.4.2.1002/avr8-gnu-toolchain/bin/../lib/gcc/avr/4.7.2/../../../../avr/lib/avr6\libc.a(eerd_dword_atmega2560.o)
 .bss           0x00000000        0x0 c:/program files (x86)/atmel/atmel toolchain/avr8 gcc/native/3.4.2.1002/avr8-gnu-toolchain/bin/../lib/gcc/avr/4.7.2/../../../../avr/lib/avr6\libc.a(eerd_dword_atmega2560.o)
 .text          0x00000000        0x0 c:/program files (x86)/atmel/atmel toolchain/avr8 gcc/native/3.4.2.1002/avr8-gnu-toolchain/bin/../lib/gcc/avr/4.7.2/../../../../avr/lib/avr6\libc.a(eerd_word_atmega2560.o)
 .bss           0x00000000        0x0 c:/program files (x86)/atmel/atmel toolchain/avr8 gcc/native/3.4.2.1002/avr8-gnu-toolchain/bin/../lib/gcc/avr/4.7.2/../../../../avr/lib/avr6\libc.a(eerd_word_atmega2560.o)
 .text          0x00000000        0x0 c:/program files (x86)/atmel/atmel toolchain/avr8 gcc/native/3.4.2.1002/avr8-gnu-toolchain/bin/../lib/gcc/avr/4.7.2/../../../../avr/lib/avr6\libc.a(eewr_dword_atmega2560.o)
 .bss           0x00000000        0x0 c:/program files (x86)/atmel/atmel toolchain/avr8 gcc/native/3.4.2.1002/avr8-gnu-toolchain/bin/../lib/gcc/avr/4.7.2/../../../../avr/lib/avr6\libc.a(eewr_dword_atmega2560.o)
 .text          0x00000000        0x0 c:/program files (x86)/atmel/atmel toolchain/avr8 gcc/native/3.4.2.1002/avr8-gnu-toolchain/bin/../lib/gcc/avr/4.7.2/../../../../avr/lib/avr6\libc.a(eewr_word_atmega2560.o)
 .bss           0x00000000        0x0 c:/program files (x86)/atmel/atmel toolchain/avr8 gcc/native/3.4.2.1002/avr8-gnu-toolchain/bin/../lib/gcc/avr/4.7.2/../../../../avr/lib/avr6\libc.a(eewr_word_atmega2560.o)
 .text          0x00000000        0x0 c:/program files (x86)/atmel/atmel toolchain/avr8 gcc/native/3.4.2.1002/avr8-gnu-toolchain/bin/../lib/gcc/avr/4.7.2/../../../../avr/lib/avr6\libc.a(eerd_block_atmega2560.o)
 .bss           0x00000000        0x0 c:/program files (x86)/atmel/atmel toolchain/avr8 gcc/native/3.4.2.1002/avr8-gnu-toolchain/bin/../lib/gcc/avr/4.7.2/../../../../avr/lib/avr6\libc.a(eerd_block_atmega2560.o)
 .text          0x00000000        0x0 c:/program files (x86)/atmel/atmel toolchain/avr8 gcc/native/3.4.2.1002/avr8-gnu-toolchain/bin/../lib/gcc/avr/4.7.2/../../../../avr/lib/avr6\libc.a(eewr_byte_atmega2560.o)
 .bss           0x00000000        0x0 c:/program files (x86)/atmel/atmel toolchain/avr8 gcc/native/3.4.2.1002/avr8-gnu-toolchain/bin/../lib/gcc/avr/4.7.2/../../../../avr/lib/avr6\libc.a(eewr_byte_atmega2560.o)

Memory Configuration

Name             Origin             Length             Attributes
text             0x00000000         0x00100000         xr
data             0x00800200         0x0000fe00         rw !x
eeprom           0x00810000         0x00010000         rw !x
fuse             0x00820000         0x00000400         rw !x
lock             0x00830000         0x00000400         rw !x
signature        0x00840000         0x00000400         rw !x
user_signatures  0x00850000         0x00000400         rw !x
*default*        0x00000000         0xffffffff

Linker script and memory map

Address of section .data set to 0x800200
LOAD c:/program files (x86)/atmel/atmel toolchain/avr8 gcc/native/3.4.2.1002/avr8-gnu-toolchain/bin/../lib/gcc/avr/4.7.2/../../../../avr/lib/avr6/crtm2560.o
LOAD analog.o
LOAD clock.o
LOAD copier.o
LOAD crc.o
LOAD dda.o
LOAD dda_lookahead.o
LOAD dda_maths.o
LOAD dda_queue.o
LOAD debug.o
LOAD delay.o
LOAD gcode_parse.o
LOAD gcode_process.o
LOAD graycode.o
LOAD heater.o
LOAD home.o
LOAD intercom.o
LOAD mendel.o
LOAD pinio.o
LOAD sd.o
LOAD serial.o
LOAD sermsg.o
LOAD sersendf.o
LOAD temp.o
LOAD timer.o
LOAD usb_serial.o
LOAD watchdog.o
START GROUP
LOAD c:/program files (x86)/atmel/atmel toolchain/avr8 gcc/native/3.4.2.1002/avr8-gnu-toolchain/bin/../lib/gcc/avr/4.7.2/../../../../avr/lib/avr6\libm.a
END GROUP
LOAD c:/program files (x86)/atmel/atmel toolchain/avr8 gcc/native/3.4.2.1002/avr8-gnu-toolchain/bin/../lib/gcc/avr/4.7.2/avr6\libgcc.a
LOAD c:/program files (x86)/atmel/atmel toolchain/avr8 gcc/native/3.4.2.1002/avr8-gnu-toolchain/bin/../lib/gcc/avr/4.7.2/../../../../avr/lib/avr6\libc.a
LOAD c:/program files (x86)/atmel/atmel toolchain/avr8 gcc/native/3.4.2.1002/avr8-gnu-toolchain/bin/../lib/gcc/avr/4.7.2/avr6\libgcc.a

.hash
 *(.hash)

.dynsym
 *(.dynsym)

.dynstr
 *(.dynstr)

.gnu.version
 *(.gnu.version)

.gnu.version_d
 *(.gnu.version_d)

.gnu.version_r
 *(.gnu.version_r)

.rel.init
 *(.rel.init)

.rela.init
 *(.rela.init)

.rel.text
 *(.rel.text)
 *(.rel.text.*)
 *(.rel.gnu.linkonce.t*)

.rela.text
 *(.rela.text)
 *(.rela.text.*)
 *(.rela.gnu.linkonce.t*)

.rel.fini
 *(.rel.fini)

.rela.fini
 *(.rela.fini)

.rel.rodata
 *(.rel.rodata)
 *(.rel.rodata.*)
 *(.rel.gnu.linkonce.r*)

.rela.rodata
 *(.rela.rodata)
 *(.rela.rodata.*)
 *(.rela.gnu.linkonce.r*)

.rel.data
 *(.rel.data)
 *(.rel.data.*)
 *(.rel.gnu.linkonce.d*)

.rela.data
 *(.rela.data)
 *(.rela.data.*)
 *(.rela.gnu.linkonce.d*)

.rel.ctors
 *(.rel.ctors)

.rela.ctors
 *(.rela.ctors)

.rel.dtors
 *(.rel.dtors)

.rela.dtors
 *(.rela.dtors)

.rel.got
 *(.rel.got)

.rela.got
 *(.rela.got)

.rel.bss
 *(.rel.bss)

.rela.bss
 *(.rela.bss)

.rel.plt
 *(.rel.plt)

.rela.plt
 *(.rela.plt)

.text           0x00000000     0x5912
 *(.vectors)
 .vectors       0x00000000       0xe4 c:/program files (x86)/atmel/atmel toolchain/avr8 gcc/native/3.4.2.1002/avr8-gnu-toolchain/bin/../lib/gcc/avr/4.7.2/../../../../avr/lib/avr6/crtm2560.o
                0x00000000                __vector_default
                0x00000000                __vectors
 *(.vectors)
 *(.progmem.gcc*)
 .progmem.gcc_sw_table.gcode_parse_char
                0x000000e4       0xa4 gcode_parse.o
 .progmem.gcc_sw_table.process_gcode_command
                0x00000188      0x1e4 gcode_process.o
 *(.progmem*)
 .progmem.data.__c.1751
                0x0000036c       0x1a clock.o
 .progmem.data.__c.1753
                0x00000386       0x1a clock.o
 .progmem.data.__c.2132
                0x000003a0       0x10 dda.o
 .progmem.data.__c.2134
                0x000003b0       0x13 dda.o
 .progmem.data.__c.2136
                0x000003c3        0x7 dda.o
 .progmem.data.__c.2138
                0x000003ca        0x8 dda.o
 .progmem.data.__c.2141
                0x000003d2        0x5 dda.o
 .progmem.data.__c.1852
                0x000003d7        0xf dda_queue.o
 .progmem.data.__c.1871
                0x000003e6       0x19 dda_queue.o
 .progmem.data.__c.1878
                0x000003ff        0x9 dda_queue.o
 .progmem.data.__c.1960
                0x00000408        0x4 gcode_parse.o
 .progmem.data.__c.1962
                0x0000040c       0x1e gcode_parse.o
 .progmem.data.__c.1963
                0x0000042a       0x11 gcode_process.o
 .progmem.data.__c.1989
                0x0000043b       0x1e gcode_process.o
 .progmem.data.__c.1991
                0x00000459       0x37 gcode_process.o
 .progmem.data.__c.1994
                0x00000490       0xad gcode_process.o
 .progmem.data.__c.1998
                0x0000053d        0xa gcode_process.o
 .progmem.data.__c.2000
                0x00000547        0xa gcode_process.o
 .progmem.data.__c.2002
                0x00000551        0xa gcode_process.o
 .progmem.data.__c.2004
                0x0000055b        0xa gcode_process.o
 .progmem.data.__c.2006
                0x00000565        0xa gcode_process.o
 .progmem.data.__c.2016
                0x0000056f        0x9 gcode_process.o
 .progmem.data.__c.2019
                0x00000578        0x8 gcode_process.o
 .progmem.data.__c.2022
                0x00000580       0x11 gcode_process.o
 .progmem.data.__c.1803
                0x00000591       0x4f heater.o
 .progmem.data.__c.1809
                0x000005e0        0xe heater.o
 .progmem.data.__c.1848
                0x000005ee       0x22 heater.o
 .progmem.data.__c.1848
                0x00000610        0xa mendel.o
 .progmem.data.__c.1571
                0x0000061a        0x3 sersendf.o
 .progmem.data.temptable
                0x0000061d      0x330 temp.o
                0x0000061d                temptable
 .progmem.data.__c.1772
                0x0000094d       0x22 temp.o
 .progmem.data.__c.1792
                0x0000096f        0xc temp.o
 .progmem.data.__c.1797
                0x0000097b        0xc temp.o
 .progmem.data.__c.1801
                0x00000987       0x17 temp.o
 .progmem.data.__c.1806
                0x0000099e        0x2 temp.o
 .progmem.data.__c.1831
                0x000009a0        0x3 temp.o
 .progmem.data.__c.1833
                0x000009a3        0x4 temp.o
 .progmem.data.__c.1835
                0x000009a7        0x8 temp.o
 .progmem.data.__c.1826
                0x000009af        0x6 temp.o
                0x000009b6                . = ALIGN (0x2)
 *fill*         0x000009b5        0x1 
                0x000009b6                __trampolines_start = .
 *(.trampolines)
 .trampolines   0x000009b6        0x0 linker stubs
 *(.trampolines*)
                0x000009b6                __trampolines_end = .
 *(.jumptables)
 *(.jumptables*)
 *(.lowtext)
 *(.lowtext*)
                0x000009b6                __ctors_start = .
 *(.ctors)
                0x000009b6                __ctors_end = .
                0x000009b6                __dtors_start = .
 *(.dtors)
                0x000009b6                __dtors_end = .
 SORT(*)(.ctors)
 SORT(*)(.dtors)
 *(.init0)
 .init0         0x000009b6        0x0 c:/program files (x86)/atmel/atmel toolchain/avr8 gcc/native/3.4.2.1002/avr8-gnu-toolchain/bin/../lib/gcc/avr/4.7.2/../../../../avr/lib/avr6/crtm2560.o
                0x000009b6                __init
 *(.init0)
 *(.init1)
 *(.init1)
 *(.init2)
 .init2         0x000009b6       0x10 c:/program files (x86)/atmel/atmel toolchain/avr8 gcc/native/3.4.2.1002/avr8-gnu-toolchain/bin/../lib/gcc/avr/4.7.2/../../../../avr/lib/avr6/crtm2560.o
 *(.init2)
 *(.init3)
 *(.init3)
 *(.init4)
 .init4         0x000009c6       0x1a c:/program files (x86)/atmel/atmel toolchain/avr8 gcc/native/3.4.2.1002/avr8-gnu-toolchain/bin/../lib/gcc/avr/4.7.2/avr6\libgcc.a(_copy_data.o)
                0x000009c6                __do_copy_data
 .init4         0x000009e0       0x10 c:/program files (x86)/atmel/atmel toolchain/avr8 gcc/native/3.4.2.1002/avr8-gnu-toolchain/bin/../lib/gcc/avr/4.7.2/avr6\libgcc.a(_clear_bss.o)
                0x000009e0                __do_clear_bss
 *(.init4)
 *(.init5)
 *(.init5)
 *(.init6)
 *(.init6)
 *(.init7)
 *(.init7)
 *(.init8)
 *(.init8)
 *(.init9)
 .init9         0x000009f0        0x8 c:/program files (x86)/atmel/atmel toolchain/avr8 gcc/native/3.4.2.1002/avr8-gnu-toolchain/bin/../lib/gcc/avr/4.7.2/../../../../avr/lib/avr6/crtm2560.o
 *(.init9)
 *(.text)
 .text          0x000009f8        0x2 c:/program files (x86)/atmel/atmel toolchain/avr8 gcc/native/3.4.2.1002/avr8-gnu-toolchain/bin/../lib/gcc/avr/4.7.2/../../../../avr/lib/avr6/crtm2560.o
                0x000009f8                __vector_38
                0x000009f8                __vector_22
                0x000009f8                __vector_28
                0x000009f8                __vector_1
                0x000009f8                __vector_32
                0x000009f8                __vector_34
                0x000009f8                __vector_24
                0x000009f8                __vector_12
                0x000009f8                __vector_55
                0x000009f8                __vector_46
                0x000009f8                __bad_interrupt
                0x000009f8                __vector_6
                0x000009f8                __vector_31
                0x000009f8                __vector_35
                0x000009f8                __vector_39
                0x000009f8                __vector_23
                0x000009f8                __vector_30
                0x000009f8                __vector_45
                0x000009f8                __vector_11
                0x000009f8                __vector_54
                0x000009f8                __vector_13
                0x000009f8                __vector_17
                0x000009f8                __vector_19
                0x000009f8                __vector_56
                0x000009f8                __vector_7
                0x000009f8                __vector_49
                0x000009f8                __vector_41
                0x000009f8                __vector_27
                0x000009f8                __vector_5
                0x000009f8                __vector_33
                0x000009f8                __vector_47
                0x000009f8                __vector_52
                0x000009f8                __vector_37
                0x000009f8                __vector_44
                0x000009f8                __vector_51
                0x000009f8                __vector_9
                0x000009f8                __vector_2
                0x000009f8                __vector_21
                0x000009f8                __vector_15
                0x000009f8                __vector_36
                0x000009f8                __vector_40
                0x000009f8                __vector_8
                0x000009f8                __vector_48
                0x000009f8                __vector_14
                0x000009f8                __vector_53
                0x000009f8                __vector_10
                0x000009f8                __vector_50
                0x000009f8                __vector_16
                0x000009f8                __vector_18
                0x000009f8                __vector_20
                0x000009fa                . = ALIGN (0x2)
 *(.text.*)
 .text.analog_init
                0x000009fa       0x40 analog.o
                0x000009fa                analog_init
 .text.__vector_29
                0x00000a3a       0x6e analog.o
                0x00000a3a                __vector_29
 .text.analog_read
                0x00000aa8       0x1c analog.o
                0x00000aa8                analog_read
 .text.clock    0x00000ac4      0x21a clock.o
                0x00000ac4                clock
 .text.crc_block
                0x00000cde       0x52 crc.o
                0x00000cde                crc_block
 .text.dda_init
                0x00000d30      0x128 dda.o
                0x00000d30                dda_init
 .text.dda_new_startpoint
                0x00000e58      0x102 dda.o
                0x00000e58                dda_new_startpoint
 .text.dda_create
                0x00000f5a      0xa3c dda.o
                0x00000f5a                dda_create
 .text.dda_start
                0x00001996      0x12e dda.o
                0x00001996                dda_start
 .text.dda_step
                0x00001ac4      0x5b6 dda.o
                0x00001ac4                dda_step
 .text.update_current_position
                0x0000207a      0x246 dda.o
                0x0000207a                update_current_position
 .text.__vector_3
                0x000022c0       0x9e dda.o
                0x000022c0                __vector_3
 .text.__vector_4
                0x0000235e       0x8a dda.o
                0x0000235e                __vector_4
 .text.muldivQR
                0x000023e8      0x1b0 dda_maths.o
                0x000023e8                muldivQR
 .text.approx_distance
                0x00002598       0xf4 dda_maths.o
                0x00002598                approx_distance
 .text.approx_distance_3
                0x0000268c      0x20a dda_maths.o
                0x0000268c                approx_distance_3
 .text.queue_full
                0x00002896       0x32 dda_queue.o
                0x00002896                queue_full
 .text.queue_empty
                0x000028c8       0x30 dda_queue.o
                0x000028c8                queue_empty
 .text.next_move
                0x000028f8       0x64 dda_queue.o
                0x000028f8                next_move
 .text.enqueue_home
                0x0000295c       0xb2 dda_queue.o
                0x0000295c                enqueue_home
 .text.queue_step
                0x00002a0e       0x54 dda_queue.o
                0x00002a0e                queue_step
 .text.print_queue
                0x00002a62       0x4e dda_queue.o
                0x00002a62                print_queue
 .text.queue_flush
                0x00002ab0       0x1c dda_queue.o
                0x00002ab0                queue_flush
 .text.queue_wait
                0x00002acc        0xe dda_queue.o
                0x00002acc                queue_wait
 .text.delay_us
                0x00002ada       0x54 delay.o
                0x00002ada                delay_us
 .text.delay_ms
                0x00002b2e       0x52 delay.o
                0x00002b2e                delay_ms
 .text.decfloat_to_int
                0x00002b80      0x148 gcode_parse.o
 .text.gcode_init
                0x00002cc8       0x1c gcode_parse.o
                0x00002cc8                gcode_init
 .text.gcode_parse_char
                0x00002ce4      0x70a gcode_parse.o
                0x00002ce4                gcode_parse_char
 .text.process_gcode_command
                0x000033ee      0x8fe gcode_process.o
                0x000033ee                process_gcode_command
 .text.heater_init
                0x00003cec      0x2ae heater.o
                0x00003cec                heater_init
 .text.heater_set
                0x00003f9a       0xda heater.o
                0x00003f9a                heater_set
 .text.heater_tick
                0x00004074      0x346 heater.o
                0x00004074                heater_tick
 .text.heaters_all_zero
                0x000043ba       0x1c heater.o
                0x000043ba                heaters_all_zero
 .text.pid_set_p
                0x000043d6       0x2c heater.o
                0x000043d6                pid_set_p
 .text.pid_set_i
                0x00004402       0x2c heater.o
                0x00004402                pid_set_i
 .text.pid_set_d
                0x0000442e       0x2c heater.o
                0x0000442e                pid_set_d
 .text.pid_set_i_limit
                0x0000445a       0x28 heater.o
                0x0000445a                pid_set_i_limit
 .text.heater_save_settings
                0x00004482       0xae heater.o
                0x00004482                heater_save_settings
 .text.heater_print
                0x00004530      0x10e heater.o
                0x00004530                heater_print
 .text.home_x_negative
                0x0000463e       0xb8 home.o
                0x0000463e                home_x_negative
 .text.home_x_positive
                0x000046f6       0xf2 home.o
                0x000046f6                home_x_positive
 .text.home_y_negative
                0x000047e8       0xb8 home.o
                0x000047e8                home_y_negative
 .text.home_y_positive
                0x000048a0       0xf2 home.o
                0x000048a0                home_y_positive
 .text.home_z_negative
                0x00004992       0xb8 home.o
                0x00004992                home_z_negative
 .text.home     0x00004a4a        0x6 home.o
                0x00004a4a                home
 .text.home_z_positive
                0x00004a50        0x2 home.o
                0x00004a50                home_z_positive
 .text.io_init  0x00004a52       0x88 mendel.o
                0x00004a52                io_init
 .text.init     0x00004ada       0x1e mendel.o
                0x00004ada                init
 .text.main     0x00004af8       0x1c mendel.o
                0x00004af8                main
 .text.power_on
                0x00004b14       0x14 pinio.o
                0x00004b14                power_on
 .text.power_off
                0x00004b28        0x6 pinio.o
                0x00004b28                power_off
 .text.serial_init
                0x00004b2e       0x28 serial.o
                0x00004b2e                serial_init
 .text.__vector_25
                0x00004b56       0x72 serial.o
                0x00004b56                __vector_25
 .text.__vector_26
                0x00004bc8       0x76 serial.o
                0x00004bc8                __vector_26
 .text.serial_rxchars
                0x00004c3e        0xe serial.o
                0x00004c3e                serial_rxchars
 .text.serial_popchar
                0x00004c4c       0x34 serial.o
                0x00004c4c                serial_popchar
 .text.serial_writechar
                0x00004c80       0x78 serial.o
                0x00004c80                serial_writechar
 .text.serial_writestr_P
                0x00004cf8       0x2a serial.o
                0x00004cf8                serial_writestr_P
 .text.serwrite_hex4
                0x00004d22        0xe sermsg.o
                0x00004d22                serwrite_hex4
 .text.serwrite_hex8
                0x00004d30       0x14 sermsg.o
                0x00004d30                serwrite_hex8
 .text.serwrite_hex16
                0x00004d44       0x10 sermsg.o
                0x00004d44                serwrite_hex16
 .text.serwrite_hex32
                0x00004d54       0x1e sermsg.o
                0x00004d54                serwrite_hex32
 .text.serwrite_uint32
                0x00004d72       0x9e sermsg.o
                0x00004d72                serwrite_uint32
 .text.serwrite_int32
                0x00004e10       0x34 sermsg.o
                0x00004e10                serwrite_int32
 .text.serwrite_uint32_vf
                0x00004e44       0xba sermsg.o
                0x00004e44                serwrite_uint32_vf
 .text.serwrite_int32_vf
                0x00004efe       0x3c sermsg.o
                0x00004efe                serwrite_int32_vf
 .text.sersendf_P
                0x00004f3a      0x1aa sersendf.o
                0x00004f3a                sersendf_P
 .text.single_temp_print
                0x000050e4       0x54 temp.o
 .text.temp_init
                0x00005138        0x2 temp.o
                0x00005138                temp_init
 .text.temp_sensor_tick
                0x0000513a      0x2e6 temp.o
                0x0000513a                temp_sensor_tick
 .text.temp_achieved
                0x00005420       0x16 temp.o
                0x00005420                temp_achieved
 .text.temp_set
                0x00005436       0x24 temp.o
                0x00005436                temp_set
 .text.temp_print
                0x0000545a       0x4a temp.o
                0x0000545a                temp_print
 .text.__vector_43
                0x000054a4       0x94 timer.o
                0x000054a4                __vector_43
 .text.__vector_42
                0x00005538       0xea timer.o
                0x00005538                __vector_42
 .text.timer_init
                0x00005622       0x1e timer.o
                0x00005622                timer_init
 .text.setTimer
                0x00005640       0xba timer.o
                0x00005640                setTimer
 .text.timer_stop
                0x000056fa        0x6 timer.o
                0x000056fa                timer_stop
 .text.avr-libc.fplib
                0x00005700        0x8 c:/program files (x86)/atmel/atmel toolchain/avr8 gcc/native/3.4.2.1002/avr8-gnu-toolchain/bin/../lib/gcc/avr/4.7.2/../../../../avr/lib/avr6\libm.a(cmpsf2.o)
                0x00005700                __nesf2
                0x00005700                __eqsf2
                0x00005700                __cmpsf2
                0x00005700                __ltsf2
                0x00005700                __lesf2
 .text.avr-libc.fplib
                0x00005708       0x7a c:/program files (x86)/atmel/atmel toolchain/avr8 gcc/native/3.4.2.1002/avr8-gnu-toolchain/bin/../lib/gcc/avr/4.7.2/../../../../avr/lib/avr6\libm.a(floatsisf.o)
                0x00005708                __floatunsisf
                0x0000570c                __floatsisf
 .text.avr-libc.fplib
                0x00005782       0x48 c:/program files (x86)/atmel/atmel toolchain/avr8 gcc/native/3.4.2.1002/avr8-gnu-toolchain/bin/../lib/gcc/avr/4.7.2/../../../../avr/lib/avr6\libm.a(fp_cmp.o)
                0x00005782                __fp_cmp
 .text.avr-libc.fplib
                0x000057ca        0x8 c:/program files (x86)/atmel/atmel toolchain/avr8 gcc/native/3.4.2.1002/avr8-gnu-toolchain/bin/../lib/gcc/avr/4.7.2/../../../../avr/lib/avr6\libm.a(gesf2.o)
                0x000057ca                __gesf2
                0x000057ca                __gtsf2
 .text.libgcc.mul
                0x000057d2       0x1e c:/program files (x86)/atmel/atmel toolchain/avr8 gcc/native/3.4.2.1002/avr8-gnu-toolchain/bin/../lib/gcc/avr/4.7.2/avr6\libgcc.a(_mulsi3.o)
                0x000057d2                __mulsi3
 .text.libgcc.div
                0x000057f0       0x44 c:/program files (x86)/atmel/atmel toolchain/avr8 gcc/native/3.4.2.1002/avr8-gnu-toolchain/bin/../lib/gcc/avr/4.7.2/avr6\libgcc.a(_udivmodsi4.o)
                0x000057f0                __udivmodsi4
 .text.libgcc.div
                0x00005834       0x36 c:/program files (x86)/atmel/atmel toolchain/avr8 gcc/native/3.4.2.1002/avr8-gnu-toolchain/bin/../lib/gcc/avr/4.7.2/avr6\libgcc.a(_divmodsi4.o)
                0x00005834                __divmodsi4
 .text.libgcc   0x0000586a        0xc c:/program files (x86)/atmel/atmel toolchain/avr8 gcc/native/3.4.2.1002/avr8-gnu-toolchain/bin/../lib/gcc/avr/4.7.2/avr6\libgcc.a(_tablejump.o)
                0x0000586a                __tablejump2__
                0x0000586e                __tablejump__
 .text.libgcc.mul
                0x00005876       0x18 c:/program files (x86)/atmel/atmel toolchain/avr8 gcc/native/3.4.2.1002/avr8-gnu-toolchain/bin/../lib/gcc/avr/4.7.2/avr6\libgcc.a(_umulhisi3.o)
                0x00005876                __umulhisi3
 .text.libgcc.mul
                0x0000588e       0x14 c:/program files (x86)/atmel/atmel toolchain/avr8 gcc/native/3.4.2.1002/avr8-gnu-toolchain/bin/../lib/gcc/avr/4.7.2/avr6\libgcc.a(_muluhisi3.o)
                0x0000588e                __muluhisi3
 .text.libgcc.mul
                0x000058a2        0xc c:/program files (x86)/atmel/atmel toolchain/avr8 gcc/native/3.4.2.1002/avr8-gnu-toolchain/bin/../lib/gcc/avr/4.7.2/avr6\libgcc.a(_mulshisi3.o)
                0x000058a2                __mulshisi3
                0x000058a6                __mulohisi3
 .text.avr-libc
                0x000058ae        0xa c:/program files (x86)/atmel/atmel toolchain/avr8 gcc/native/3.4.2.1002/avr8-gnu-toolchain/bin/../lib/gcc/avr/4.7.2/../../../../avr/lib/avr6\libc.a(eerd_dword_atmega2560.o)
                0x000058ae                __eerd_float_m2560
                0x000058ae                __eerd_dword_m2560
 .text.avr-libc
                0x000058b8        0xa c:/program files (x86)/atmel/atmel toolchain/avr8 gcc/native/3.4.2.1002/avr8-gnu-toolchain/bin/../lib/gcc/avr/4.7.2/../../../../avr/lib/avr6\libc.a(eerd_word_atmega2560.o)
                0x000058b8                __eerd_word_m2560
 .text.avr-libc
                0x000058c2        0xa c:/program files (x86)/atmel/atmel toolchain/avr8 gcc/native/3.4.2.1002/avr8-gnu-toolchain/bin/../lib/gcc/avr/4.7.2/../../../../avr/lib/avr6\libc.a(eewr_dword_atmega2560.o)
                0x000058c2                __eewr_float_m2560
                0x000058c2                __eewr_dword_m2560
 .text.avr-libc
                0x000058cc        0x6 c:/program files (x86)/atmel/atmel toolchain/avr8 gcc/native/3.4.2.1002/avr8-gnu-toolchain/bin/../lib/gcc/avr/4.7.2/../../../../avr/lib/avr6\libc.a(eewr_word_atmega2560.o)
                0x000058cc                __eewr_word_m2560
 .text.avr-libc
                0x000058d2       0x20 c:/program files (x86)/atmel/atmel toolchain/avr8 gcc/native/3.4.2.1002/avr8-gnu-toolchain/bin/../lib/gcc/avr/4.7.2/../../../../avr/lib/avr6\libc.a(eerd_block_atmega2560.o)
                0x000058d2                __eerd_block_m2560
                0x000058d6                __eerd_blraw_m2560
 .text.avr-libc
                0x000058f2       0x1c c:/program files (x86)/atmel/atmel toolchain/avr8 gcc/native/3.4.2.1002/avr8-gnu-toolchain/bin/../lib/gcc/avr/4.7.2/../../../../avr/lib/avr6\libc.a(eewr_byte_atmega2560.o)
                0x000058f2                __eewr_byte_m2560
                0x000058f4                __eewr_r18_m2560
                0x0000590e                . = ALIGN (0x2)
 *(.fini9)
 .fini9         0x0000590e        0x0 c:/program files (x86)/atmel/atmel toolchain/avr8 gcc/native/3.4.2.1002/avr8-gnu-toolchain/bin/../lib/gcc/avr/4.7.2/avr6\libgcc.a(_exit.o)
                0x0000590e                _exit
                0x0000590e                exit
 *(.fini9)
 *(.fini8)
 *(.fini8)
 *(.fini7)
 *(.fini7)
 *(.fini6)
 *(.fini6)
 *(.fini5)
 *(.fini5)
 *(.fini4)
 *(.fini4)
 *(.fini3)
 *(.fini3)
 *(.fini2)
 *(.fini2)
 *(.fini1)
 *(.fini1)
 *(.fini0)
 .fini0         0x0000590e        0x4 c:/program files (x86)/atmel/atmel toolchain/avr8 gcc/native/3.4.2.1002/avr8-gnu-toolchain/bin/../lib/gcc/avr/4.7.2/avr6\libgcc.a(_exit.o)
 *(.fini0)
                0x00005912                _etext = .

.data           0x00800200       0x32 load address 0x00005912
                0x00800200                PROVIDE (__data_start, .)
 *(.data)
 .data          0x00800200        0x0 c:/program files (x86)/atmel/atmel toolchain/avr8 gcc/native/3.4.2.1002/avr8-gnu-toolchain/bin/../lib/gcc/avr/4.7.2/../../../../avr/lib/avr6/crtm2560.o
 .data          0x00800200        0x0 analog.o
 .data          0x00800200        0x0 clock.o
 .data          0x00800200        0x0 copier.o
 .data          0x00800200        0x0 crc.o
 .data          0x00800200        0x0 dda.o
 .data          0x00800200        0x0 dda_lookahead.o
 .data          0x00800200        0x0 dda_maths.o
 .data          0x00800200        0x0 dda_queue.o
 .data          0x00800200        0x0 debug.o
 .data          0x00800200        0x0 delay.o
 .data          0x00800200        0x0 gcode_parse.o
 .data          0x00800200        0x0 gcode_process.o
 .data          0x00800200        0x0 graycode.o
 .data          0x00800200        0x0 heater.o
 .data          0x00800200        0x0 home.o
 .data          0x00800200        0x0 intercom.o
 .data          0x00800200        0x0 mendel.o
 .data          0x00800200        0x0 pinio.o
 .data          0x00800200        0x0 sd.o
 .data          0x00800200        0x0 serial.o
 .data          0x00800200        0x0 sermsg.o
 .data          0x00800200        0x0 sersendf.o
 .data          0x00800200        0x0 temp.o
 .data          0x00800200        0x0 timer.o
 .data          0x00800200        0x0 usb_serial.o
 .data          0x00800200        0x0 watchdog.o
 .data          0x00800200        0x0 c:/program files (x86)/atmel/atmel toolchain/avr8 gcc/native/3.4.2.1002/avr8-gnu-toolchain/bin/../lib/gcc/avr/4.7.2/../../../../avr/lib/avr6\libm.a(cmpsf2.o)
 .data          0x00800200        0x0 c:/program files (x86)/atmel/atmel toolchain/avr8 gcc/native/3.4.2.1002/avr8-gnu-toolchain/bin/../lib/gcc/avr/4.7.2/../../../../avr/lib/avr6\libm.a(floatsisf.o)
 .data          0x00800200        0x0 c:/program files (x86)/atmel/atmel toolchain/avr8 gcc/native/3.4.2.1002/avr8-gnu-toolchain/bin/../lib/gcc/avr/4.7.2/../../../../avr/lib/avr6\libm.a(fp_cmp.o)
 .data          0x00800200        0x0 c:/program files (x86)/atmel/atmel toolchain/avr8 gcc/native/3.4.2.1002/avr8-gnu-toolchain/bin/../lib/gcc/avr/4.7.2/../../../../avr/lib/avr6\libm.a(gesf2.o)
 .data          0x00800200        0x0 c:/program files (x86)/atmel/atmel toolchain/avr8 gcc/native/3.4.2.1002/avr8-gnu-toolchain/bin/../lib/gcc/avr/4.7.2/avr6\libgcc.a(_mulsi3.o)
 .data          0x00800200        0x0 c:/program files (x86)/atmel/atmel toolchain/avr8 gcc/native/3.4.2.1002/avr8-gnu-toolchain/bin/../lib/gcc/avr/4.7.2/avr6\libgcc.a(_udivmodsi4.o)
 .data          0x00800200        0x0 c:/program files (x86)/atmel/atmel toolchain/avr8 gcc/native/3.4.2.1002/avr8-gnu-toolchain/bin/../lib/gcc/avr/4.7.2/avr6\libgcc.a(_divmodsi4.o)
 .data          0x00800200        0x0 c:/program files (x86)/atmel/atmel toolchain/avr8 gcc/native/3.4.2.1002/avr8-gnu-toolchain/bin/../lib/gcc/avr/4.7.2/avr6\libgcc.a(_exit.o)
 .data          0x00800200        0x0 c:/program files (x86)/atmel/atmel toolchain/avr8 gcc/native/3.4.2.1002/avr8-gnu-toolchain/bin/../lib/gcc/avr/4.7.2/avr6\libgcc.a(_tablejump.o)
 .data          0x00800200        0x0 c:/program files (x86)/atmel/atmel toolchain/avr8 gcc/native/3.4.2.1002/avr8-gnu-toolchain/bin/../lib/gcc/avr/4.7.2/avr6\libgcc.a(_copy_data.o)
 .data          0x00800200        0x0 c:/program files (x86)/atmel/atmel toolchain/avr8 gcc/native/3.4.2.1002/avr8-gnu-toolchain/bin/../lib/gcc/avr/4.7.2/avr6\libgcc.a(_clear_bss.o)
 .data          0x00800200        0x0 c:/program files (x86)/atmel/atmel toolchain/avr8 gcc/native/3.4.2.1002/avr8-gnu-toolchain/bin/../lib/gcc/avr/4.7.2/avr6\libgcc.a(_umulhisi3.o)
 .data          0x00800200        0x0 c:/program files (x86)/atmel/atmel toolchain/avr8 gcc/native/3.4.2.1002/avr8-gnu-toolchain/bin/../lib/gcc/avr/4.7.2/avr6\libgcc.a(_muluhisi3.o)
 .data          0x00800200        0x0 c:/program files (x86)/atmel/atmel toolchain/avr8 gcc/native/3.4.2.1002/avr8-gnu-toolchain/bin/../lib/gcc/avr/4.7.2/avr6\libgcc.a(_mulshisi3.o)
 .data          0x00800200        0x0 c:/program files (x86)/atmel/atmel toolchain/avr8 gcc/native/3.4.2.1002/avr8-gnu-toolchain/bin/../lib/gcc/avr/4.7.2/../../../../avr/lib/avr6\libc.a(eerd_dword_atmega2560.o)
 .data          0x00800200        0x0 c:/program files (x86)/atmel/atmel toolchain/avr8 gcc/native/3.4.2.1002/avr8-gnu-toolchain/bin/../lib/gcc/avr/4.7.2/../../../../avr/lib/avr6\libc.a(eerd_word_atmega2560.o)
 .data          0x00800200        0x0 c:/program files (x86)/atmel/atmel toolchain/avr8 gcc/native/3.4.2.1002/avr8-gnu-toolchain/bin/../lib/gcc/avr/4.7.2/../../../../avr/lib/avr6\libc.a(eewr_dword_atmega2560.o)
 .data          0x00800200        0x0 c:/program files (x86)/atmel/atmel toolchain/avr8 gcc/native/3.4.2.1002/avr8-gnu-toolchain/bin/../lib/gcc/avr/4.7.2/../../../../avr/lib/avr6\libc.a(eewr_word_atmega2560.o)
 .data          0x00800200        0x0 c:/program files (x86)/atmel/atmel toolchain/avr8 gcc/native/3.4.2.1002/avr8-gnu-toolchain/bin/../lib/gcc/avr/4.7.2/../../../../avr/lib/avr6\libc.a(eerd_block_atmega2560.o)
 .data          0x00800200        0x0 c:/program files (x86)/atmel/atmel toolchain/avr8 gcc/native/3.4.2.1002/avr8-gnu-toolchain/bin/../lib/gcc/avr/4.7.2/../../../../avr/lib/avr6\libc.a(eewr_byte_atmega2560.o)
 *(.data*)
 *(.rodata)
 *(.rodata*)
 .rodata.heaters
                0x00800200        0xa heater.o
 .rodata.powers
                0x0080020a       0x28 sermsg.o
                0x0080020a                powers
 *(.gnu.linkonce.d*)
                0x00800232                . = ALIGN (0x2)
                0x00800232                _edata = .
                0x00800232                PROVIDE (__data_end, .)

.bss            0x00800232      0x371
                0x00800232                PROVIDE (__bss_start, .)
 *(.bss)
 .bss           0x00800232        0x2 analog.o
 .bss           0x00800234       0x71 dda.o
                0x00800234                move_state
                0x00800266                current_position
                0x0080027b                startpoint_steps
                0x00800290                startpoint
 .bss           0x008002a5      0x1e0 dda_queue.o
                0x008002a5                movebuffer
 .bss           0x00800485       0x2e gcode_parse.o
                0x00800485                next_target
                0x008004ae                read_digit
 *(.bss*)
 .bss.adc_counter
                0x008004b3        0x1 analog.o
 .bss._YEncoderTicks
                0x008004b4        0x4 dda.o
                0x008004b4                _YEncoderTicks
 .bss._XEncoderTicks
                0x008004b8        0x4 dda.o
                0x008004b8                _XEncoderTicks
 .bss.mb_tail   0x008004bc        0x1 dda_queue.o
                0x008004bc                mb_tail
 .bss.mb_head   0x008004bd        0x1 dda_queue.o
                0x008004bd                mb_head
 .bss.last_field
                0x008004be        0x1 gcode_parse.o
                0x008004be                last_field
 .bss.psu_timeout
                0x008004bf        0x1 pinio.o
                0x008004bf                psu_timeout
 .bss.ps_is_on  0x008004c0        0x1 pinio.o
 .bss.txtail    0x008004c1        0x1 serial.o
                0x008004c1                txtail
 .bss.txhead    0x008004c2        0x1 serial.o
                0x008004c2                txhead
 .bss.rxtail    0x008004c3        0x1 serial.o
                0x008004c3                rxtail
 .bss.rxhead    0x008004c4        0x1 serial.o
                0x008004c4                rxhead
 .bss.clock_flag_1s
                0x008004c5        0x1 timer.o
                0x008004c5                clock_flag_1s
 .bss.clock_flag_250ms
                0x008004c6        0x1 timer.o
                0x008004c6                clock_flag_250ms
 .bss.clock_flag_10ms
                0x008004c7        0x1 timer.o
                0x008004c7                clock_flag_10ms
 .bss.clock_counter_1s
                0x008004c8        0x1 timer.o
                0x008004c8                clock_counter_1s
 .bss.clock_counter_250ms
                0x008004c9        0x1 timer.o
                0x008004c9                clock_counter_250ms
 .bss.clock_counter_10ms
                0x008004ca        0x1 timer.o
                0x008004ca                clock_counter_10ms
 *(COMMON)
 COMMON         0x008004cb        0x4 dda.o
                0x008004cb                _XEncoderBSet
                0x008004cc                _YEncoderBSet
                0x008004cd                _YEncoderISet
                0x008004ce                _XEncoderISet
 COMMON         0x008004cf        0x1 debug.o
                0x008004cf                debug_flags
 COMMON         0x008004d0        0x2 gcode_process.o
                0x008004d0                next_tool
                0x008004d1                tool
 COMMON         0x008004d2       0x44 heater.o
                0x008004d2                heaters_runtime
                0x008004fa                heaters_pid
 COMMON         0x00800516       0x80 serial.o
                0x00800516                rxbuf
                0x00800556                txbuf
 COMMON         0x00800596        0x9 temp.o
                0x00800596                temp_sensors_runtime
 COMMON         0x0080059f        0x4 timer.o
                0x0080059f                next_step_time
                0x008005a3                PROVIDE (__bss_end, .)
                0x00005912                __data_load_start = LOADADDR (.data)
                0x00005944                __data_load_end = (__data_load_start + SIZEOF (.data))

.noinit         0x008005a3        0x0
                0x008005a3                PROVIDE (__noinit_start, .)
 *(.noinit*)
                0x008005a3                PROVIDE (__noinit_end, .)
                0x008005a3                _end = .
                0x008005a3                PROVIDE (__heap_start, .)

.eeprom         0x00810000       0x20
 *(.eeprom*)
 .eeprom        0x00810000       0x20 heater.o
                0x00810000                EE_factors
                0x00810020                __eeprom_end = .

.fuse
 *(.fuse)
 *(.lfuse)
 *(.hfuse)
 *(.efuse)

.lock
 *(.lock*)

.signature
 *(.signature*)

.user_signatures
 *(.user_signatures*)

.stab           0x00000000     0x1074
 *(.stab)
 .stab          0x00000000      0x6e4 c:/program files (x86)/atmel/atmel toolchain/avr8 gcc/native/3.4.2.1002/avr8-gnu-toolchain/bin/../lib/gcc/avr/4.7.2/../../../../avr/lib/avr6/crtm2560.o
 .stab          0x000006e4       0x90 c:/program files (x86)/atmel/atmel toolchain/avr8 gcc/native/3.4.2.1002/avr8-gnu-toolchain/bin/../lib/gcc/avr/4.7.2/../../../../avr/lib/avr6\libm.a(cmpsf2.o)
                                 0x9c (size before relaxing)
 .stab          0x00000774      0x318 c:/program files (x86)/atmel/atmel toolchain/avr8 gcc/native/3.4.2.1002/avr8-gnu-toolchain/bin/../lib/gcc/avr/4.7.2/../../../../avr/lib/avr6\libm.a(floatsisf.o)
                                0x324 (size before relaxing)
 .stab          0x00000a8c      0x1e0 c:/program files (x86)/atmel/atmel toolchain/avr8 gcc/native/3.4.2.1002/avr8-gnu-toolchain/bin/../lib/gcc/avr/4.7.2/../../../../avr/lib/avr6\libm.a(fp_cmp.o)
                                0x1ec (size before relaxing)
 .stab          0x00000c6c       0x6c c:/program files (x86)/atmel/atmel toolchain/avr8 gcc/native/3.4.2.1002/avr8-gnu-toolchain/bin/../lib/gcc/avr/4.7.2/../../../../avr/lib/avr6\libm.a(gesf2.o)
                                 0x78 (size before relaxing)
 .stab          0x00000cd8       0x78 c:/program files (x86)/atmel/atmel toolchain/avr8 gcc/native/3.4.2.1002/avr8-gnu-toolchain/bin/../lib/gcc/avr/4.7.2/../../../../avr/lib/avr6\libc.a(eerd_dword_atmega2560.o)
                                 0x84 (size before relaxing)
 .stab          0x00000d50       0x6c c:/program files (x86)/atmel/atmel toolchain/avr8 gcc/native/3.4.2.1002/avr8-gnu-toolchain/bin/../lib/gcc/avr/4.7.2/../../../../avr/lib/avr6\libc.a(eerd_word_atmega2560.o)
                                 0x78 (size before relaxing)
 .stab          0x00000dbc       0x78 c:/program files (x86)/atmel/atmel toolchain/avr8 gcc/native/3.4.2.1002/avr8-gnu-toolchain/bin/../lib/gcc/avr/4.7.2/../../../../avr/lib/avr6\libc.a(eewr_dword_atmega2560.o)
                                 0x84 (size before relaxing)
 .stab          0x00000e34       0x54 c:/program files (x86)/atmel/atmel toolchain/avr8 gcc/native/3.4.2.1002/avr8-gnu-toolchain/bin/../lib/gcc/avr/4.7.2/../../../../avr/lib/avr6\libc.a(eewr_word_atmega2560.o)
                                 0x60 (size before relaxing)
 .stab          0x00000e88      0x108 c:/program files (x86)/atmel/atmel toolchain/avr8 gcc/native/3.4.2.1002/avr8-gnu-toolchain/bin/../lib/gcc/avr/4.7.2/../../../../avr/lib/avr6\libc.a(eerd_block_atmega2560.o)
                                0x114 (size before relaxing)
 .stab          0x00000f90       0xe4 c:/program files (x86)/atmel/atmel toolchain/avr8 gcc/native/3.4.2.1002/avr8-gnu-toolchain/bin/../lib/gcc/avr/4.7.2/../../../../avr/lib/avr6\libc.a(eewr_byte_atmega2560.o)
                                 0xf0 (size before relaxing)

.stabstr        0x00000000      0x526
 *(.stabstr)
 .stabstr       0x00000000      0x526 c:/program files (x86)/atmel/atmel toolchain/avr8 gcc/native/3.4.2.1002/avr8-gnu-toolchain/bin/../lib/gcc/avr/4.7.2/../../../../avr/lib/avr6/crtm2560.o

.stab.excl
 *(.stab.excl)

.stab.exclstr
 *(.stab.exclstr)

.stab.index
 *(.stab.index)

.stab.indexstr
 *(.stab.indexstr)

.comment        0x00000000       0x2f
 *(.comment)
 .comment       0x00000000       0x2f analog.o
                                 0x30 (size before relaxing)
 .comment       0x00000000       0x30 clock.o
 .comment       0x00000000       0x30 copier.o
 .comment       0x00000000       0x30 crc.o
 .comment       0x00000000       0x30 dda.o
 .comment       0x00000000       0x30 dda_lookahead.o
 .comment       0x00000000       0x30 dda_maths.o
 .comment       0x00000000       0x30 dda_queue.o
 .comment       0x00000000       0x30 debug.o
 .comment       0x00000000       0x30 delay.o
 .comment       0x00000000       0x30 gcode_parse.o
 .comment       0x00000000       0x30 gcode_process.o
 .comment       0x00000000       0x30 graycode.o
 .comment       0x00000000       0x30 heater.o
 .comment       0x00000000       0x30 home.o
 .comment       0x00000000       0x30 intercom.o
 .comment       0x00000000       0x30 mendel.o
 .comment       0x00000000       0x30 pinio.o
 .comment       0x00000000       0x30 sd.o
 .comment       0x00000000       0x30 serial.o
 .comment       0x00000000       0x30 sermsg.o
 .comment       0x00000000       0x30 sersendf.o
 .comment       0x00000000       0x30 temp.o
 .comment       0x00000000       0x30 timer.o
 .comment       0x00000000       0x30 usb_serial.o
 .comment       0x00000000       0x30 watchdog.o

.debug
 *(.debug)

.line
 *(.line)

.debug_srcinfo
 *(.debug_srcinfo)

.debug_sfnames
 *(.debug_sfnames)

.debug_aranges  0x00000000      0x4e0
 *(.debug_aranges)
 .debug_aranges
                0x00000000       0x30 analog.o
 .debug_aranges
                0x00000030       0x20 clock.o
 .debug_aranges
                0x00000050       0x20 crc.o
 .debug_aranges
                0x00000070       0x58 dda.o
 .debug_aranges
                0x000000c8       0x18 dda_lookahead.o
 .debug_aranges
                0x000000e0       0x40 dda_maths.o
 .debug_aranges
                0x00000120       0x58 dda_queue.o
 .debug_aranges
                0x00000178       0x18 debug.o
 .debug_aranges
                0x00000190       0x28 delay.o
 .debug_aranges
                0x000001b8       0x38 gcode_parse.o
 .debug_aranges
                0x000001f0       0x20 gcode_process.o
 .debug_aranges
                0x00000210       0x70 heater.o
 .debug_aranges
                0x00000280       0x50 home.o
 .debug_aranges
                0x000002d0       0x18 intercom.o
 .debug_aranges
                0x000002e8       0x30 mendel.o
 .debug_aranges
                0x00000318       0x28 pinio.o
 .debug_aranges
                0x00000340       0x68 serial.o
 .debug_aranges
                0x000003a8       0x58 sermsg.o
 .debug_aranges
                0x00000400       0x20 sersendf.o
 .debug_aranges
                0x00000420       0x50 temp.o
 .debug_aranges
                0x00000470       0x40 timer.o
 .debug_aranges
                0x000004b0       0x18 usb_serial.o
 .debug_aranges
                0x000004c8       0x18 watchdog.o

.debug_pubnames
 *(.debug_pubnames)

.debug_info     0x00000000     0x4db8
 *(.debug_info)
 .debug_info    0x00000000      0x19a analog.o
 .debug_info    0x0000019a      0x37e clock.o
 .debug_info    0x00000518      0x13a crc.o
 .debug_info    0x00000652      0xdfe dda.o
 .debug_info    0x00001450       0x56 dda_lookahead.o
 .debug_info    0x000014a6      0x2b1 dda_maths.o
 .debug_info    0x00001757      0x663 dda_queue.o
 .debug_info    0x00001dba       0x78 debug.o
 .debug_info    0x00001e32      0x14a delay.o
 .debug_info    0x00001f7c      0x4a5 gcode_parse.o
 .debug_info    0x00002421      0x5ec gcode_process.o
 .debug_info    0x00002a0d      0x84d heater.o
 .debug_info    0x0000325a      0x660 home.o
 .debug_info    0x000038ba       0x85 intercom.o
 .debug_info    0x0000393f      0x251 mendel.o
 .debug_info    0x00003b90       0xc8 pinio.o
 .debug_info    0x00003c58      0x3ad serial.o
 .debug_info    0x00004005      0x391 sermsg.o
 .debug_info    0x00004396      0x272 sersendf.o
 .debug_info    0x00004608      0x532 temp.o
 .debug_info    0x00004b3a      0x1d2 timer.o
 .debug_info    0x00004d0c       0x56 usb_serial.o
 .debug_info    0x00004d62       0x56 watchdog.o
 *(.gnu.linkonce.wi.*)

.debug_abbrev   0x00000000     0x1acb
 *(.debug_abbrev)
 .debug_abbrev  0x00000000      0x11e analog.o
 .debug_abbrev  0x0000011e      0x173 clock.o
 .debug_abbrev  0x00000291       0xde crc.o
 .debug_abbrev  0x0000036f      0x2b2 dda.o
 .debug_abbrev  0x00000621       0x26 dda_lookahead.o
 .debug_abbrev  0x00000647       0xa7 dda_maths.o
 .debug_abbrev  0x000006ee      0x236 dda_queue.o
 .debug_abbrev  0x00000924       0x4b debug.o
 .debug_abbrev  0x0000096f       0xe5 delay.o
 .debug_abbrev  0x00000a54      0x1d2 gcode_parse.o
 .debug_abbrev  0x00000c26      0x1e4 gcode_process.o
 .debug_abbrev  0x00000e0a      0x259 heater.o
 .debug_abbrev  0x00001063      0x187 home.o
 .debug_abbrev  0x000011ea       0x4d intercom.o
 .debug_abbrev  0x00001237      0x138 mendel.o
 .debug_abbrev  0x0000136f       0x78 pinio.o
 .debug_abbrev  0x000013e7      0x1a7 serial.o
 .debug_abbrev  0x0000158e       0xfc sermsg.o
 .debug_abbrev  0x0000168a       0xf8 sersendf.o
 .debug_abbrev  0x00001782      0x240 temp.o
 .debug_abbrev  0x000019c2       0xbd timer.o
 .debug_abbrev  0x00001a7f       0x26 usb_serial.o
 .debug_abbrev  0x00001aa5       0x26 watchdog.o

.debug_line     0x00000000     0x3b82
 *(.debug_line)
 .debug_line    0x00000000      0x18f analog.o
 .debug_line    0x0000018f      0x1a0 clock.o
 .debug_line    0x0000032f        0x0 copier.o
 .debug_line    0x0000032f      0x1a4 crc.o
 .debug_line    0x000004d3      0x8fb dda.o
 .debug_line    0x00000dce       0x1a dda_lookahead.o
 .debug_line    0x00000de8      0x318 dda_maths.o
 .debug_line    0x00001100      0x376 dda_queue.o
 .debug_line    0x00001476       0xc2 debug.o
 .debug_line    0x00001538      0x1db delay.o
 .debug_line    0x00001713      0x5aa gcode_parse.o
 .debug_line    0x00001cbd      0x563 gcode_process.o
 .debug_line    0x00002220        0x0 graycode.o
 .debug_line    0x00002220      0x5a9 heater.o
 .debug_line    0x000027c9      0x2ea home.o
 .debug_line    0x00002ab3       0x2d intercom.o
 .debug_line    0x00002ae0      0x248 mendel.o
 .debug_line    0x00002d28       0xf8 pinio.o
 .debug_line    0x00002e20        0x0 sd.o
 .debug_line    0x00002e20      0x2a7 serial.o
 .debug_line    0x000030c7      0x28c sermsg.o
 .debug_line    0x00003353      0x282 sersendf.o
 .debug_line    0x000035d5      0x316 temp.o
 .debug_line    0x000038eb      0x263 timer.o
 .debug_line    0x00003b4e       0x1a usb_serial.o
 .debug_line    0x00003b68       0x1a watchdog.o

.debug_frame    0x00000000     0x1128
 *(.debug_frame)
 .debug_frame   0x00000000       0x68 analog.o
 .debug_frame   0x00000068       0xf8 clock.o
 .debug_frame   0x00000160       0x24 crc.o
 .debug_frame   0x00000184      0x1ec dda.o
 .debug_frame   0x00000370      0x1b8 dda_maths.o
 .debug_frame   0x00000528       0xf0 dda_queue.o
 .debug_frame   0x00000618       0x48 delay.o
 .debug_frame   0x00000660       0xc4 gcode_parse.o
 .debug_frame   0x00000724      0x160 gcode_process.o
 .debug_frame   0x00000884      0x1f8 heater.o
 .debug_frame   0x00000a7c       0xfc home.o
 .debug_frame   0x00000b78       0x44 mendel.o
 .debug_frame   0x00000bbc       0x34 pinio.o
 .debug_frame   0x00000bf0      0x14c serial.o
 .debug_frame   0x00000d3c      0x138 sermsg.o
 .debug_frame   0x00000e74       0x64 sersendf.o
 .debug_frame   0x00000ed8      0x174 temp.o
 .debug_frame   0x0000104c       0xdc timer.o

.debug_str      0x00000000     0x108d
 *(.debug_str)
 .debug_str     0x00000000      0x155 analog.o
                                0x189 (size before relaxing)
 .debug_str     0x00000155      0x191 clock.o
                                0x298 (size before relaxing)
 .debug_str     0x000002e6       0x3c crc.o
                                0x114 (size before relaxing)
 .debug_str     0x00000322      0x412 dda.o
                                0x646 (size before relaxing)
 .debug_str     0x00000734       0x15 dda_lookahead.o
                                 0xd7 (size before relaxing)
 .debug_str     0x00000749       0x63 dda_maths.o
                                0x172 (size before relaxing)
 .debug_str     0x000007ac       0xb9 dda_queue.o
                                0x301 (size before relaxing)
 .debug_str     0x00000865        0xd debug.o
                                 0xe3 (size before relaxing)
 .debug_str     0x00000872       0x32 delay.o
                                0x10f (size before relaxing)
 .debug_str     0x000008a4       0xba gcode_parse.o
                                0x2eb (size before relaxing)
 .debug_str     0x0000095e       0x8a gcode_process.o
                                0x3ef (size before relaxing)
 .debug_str     0x000009e8      0x270 heater.o
                                0x3f9 (size before relaxing)
 .debug_str     0x00000c58       0x6c home.o
                                0x2b0 (size before relaxing)
 .debug_str     0x00000cc4       0x28 intercom.o
                                 0xf9 (size before relaxing)
 .debug_str     0x00000cec       0x5a mendel.o
                                0x1b5 (size before relaxing)
 .debug_str     0x00000d46       0x20 pinio.o
                                0x104 (size before relaxing)
 .debug_str     0x00000d66       0xa4 serial.o
                                0x1e1 (size before relaxing)
 .debug_str     0x00000e0a       0x7c sermsg.o
                                0x191 (size before relaxing)
 .debug_str     0x00000e86       0x3d sersendf.o
                                0x1cb (size before relaxing)
 .debug_str     0x00000ec3      0x126 temp.o
                                0x345 (size before relaxing)
 .debug_str     0x00000fe9       0x82 timer.o
                                0x1bc (size before relaxing)
 .debug_str     0x0000106b       0x12 usb_serial.o
                                 0xd4 (size before relaxing)
 .debug_str     0x0000107d       0x10 watchdog.o
                                 0xd2 (size before relaxing)

.debug_loc      0x00000000     0x41fe
 *(.debug_loc)
 .debug_loc     0x00000000       0xcf analog.o
 .debug_loc     0x000000cf      0x321 clock.o
 .debug_loc     0x000003f0       0xf7 crc.o
 .debug_loc     0x000004e7      0xa27 dda.o
 .debug_loc     0x00000f0e      0x8eb dda_maths.o
 .debug_loc     0x000017f9      0x2f7 dda_queue.o
 .debug_loc     0x00001af0       0xe1 delay.o
 .debug_loc     0x00001bd1      0x2da gcode_parse.o
 .debug_loc     0x00001eab      0x529 gcode_process.o
 .debug_loc     0x000023d4      0x719 heater.o
 .debug_loc     0x00002aed      0x1cb home.o
 .debug_loc     0x00002cb8       0x13 mendel.o
 .debug_loc     0x00002ccb      0x4ee serial.o
 .debug_loc     0x000031b9      0x53c sermsg.o
 .debug_loc     0x000036f5      0x41e sersendf.o
 .debug_loc     0x00003b13      0x4af temp.o
 .debug_loc     0x00003fc2      0x23c timer.o

.debug_macinfo
 *(.debug_macinfo)

.debug_pubtypes
 *(.debug_pubtypes)

.debug_ranges   0x00000000      0x390
 *(.debug_ranges)
 .debug_ranges  0x00000000       0x20 analog.o
 .debug_ranges  0x00000020       0x28 clock.o
 .debug_ranges  0x00000048       0x10 crc.o
 .debug_ranges  0x00000058       0x48 dda.o
 .debug_ranges  0x000000a0       0x30 dda_maths.o
 .debug_ranges  0x000000d0       0x48 dda_queue.o
 .debug_ranges  0x00000118       0x18 delay.o
 .debug_ranges  0x00000130       0x28 gcode_parse.o
 .debug_ranges  0x00000158       0x10 gcode_process.o
 .debug_ranges  0x00000168       0x60 heater.o
 .debug_ranges  0x000001c8       0x40 home.o
 .debug_ranges  0x00000208       0x20 mendel.o
 .debug_ranges  0x00000228       0x18 pinio.o
 .debug_ranges  0x00000240       0x70 serial.o
 .debug_ranges  0x000002b0       0x48 sermsg.o
 .debug_ranges  0x000002f8       0x10 sersendf.o
 .debug_ranges  0x00000308       0x58 temp.o
 .debug_ranges  0x00000360       0x30 timer.o

.debug_macro
 *(.debug_macro)
OUTPUT(GccApplication1.elf elf32-avr)
LOAD linker stubs
