Archive member included because of file (symbol)

c:/program files (x86)/atmel/atmel toolchain/avr8 gcc/native/3.4.2.1002/avr8-gnu-toolchain/bin/../lib/gcc/avr/4.7.2/../../../../avr/lib/avr6\libm.a(cmpsf2.o)
                              gcode_process.o (__ltsf2)
c:/program files (x86)/atmel/atmel toolchain/avr8 gcc/native/3.4.2.1002/avr8-gnu-toolchain/bin/../lib/gcc/avr/4.7.2/../../../../avr/lib/avr6\libm.a(floatsisf.o)
                              gcode_process.o (__floatsisf)
c:/program files (x86)/atmel/atmel toolchain/avr8 gcc/native/3.4.2.1002/avr8-gnu-toolchain/bin/../lib/gcc/avr/4.7.2/../../../../avr/lib/avr6\libm.a(fp_cmp.o)
                              c:/program files (x86)/atmel/atmel toolchain/avr8 gcc/native/3.4.2.1002/avr8-gnu-toolchain/bin/../lib/gcc/avr/4.7.2/../../../../avr/lib/avr6\libm.a(cmpsf2.o) (__fp_cmp)
c:/program files (x86)/atmel/atmel toolchain/avr8 gcc/native/3.4.2.1002/avr8-gnu-toolchain/bin/../lib/gcc/avr/4.7.2/../../../../avr/lib/avr6\libm.a(gesf2.o)
                              gcode_process.o (__gtsf2)
c:/program files (x86)/atmel/atmel toolchain/avr8 gcc/native/3.4.2.1002/avr8-gnu-toolchain/bin/../lib/gcc/avr/4.7.2/avr6\libgcc.a(_mulsi3.o)
                              dda.o (__mulsi3)
c:/program files (x86)/atmel/atmel toolchain/avr8 gcc/native/3.4.2.1002/avr8-gnu-toolchain/bin/../lib/gcc/avr/4.7.2/avr6\libgcc.a(_udivmodhi4.o)
                              gcode_parse.o (__udivmodhi4)
c:/program files (x86)/atmel/atmel toolchain/avr8 gcc/native/3.4.2.1002/avr8-gnu-toolchain/bin/../lib/gcc/avr/4.7.2/avr6\libgcc.a(_udivmodsi4.o)
                              dda.o (__udivmodsi4)
c:/program files (x86)/atmel/atmel toolchain/avr8 gcc/native/3.4.2.1002/avr8-gnu-toolchain/bin/../lib/gcc/avr/4.7.2/avr6\libgcc.a(_divmodsi4.o)
                              dda.o (__divmodsi4)
c:/program files (x86)/atmel/atmel toolchain/avr8 gcc/native/3.4.2.1002/avr8-gnu-toolchain/bin/../lib/gcc/avr/4.7.2/avr6\libgcc.a(_exit.o)
                              c:/program files (x86)/atmel/atmel toolchain/avr8 gcc/native/3.4.2.1002/avr8-gnu-toolchain/bin/../lib/gcc/avr/4.7.2/../../../../avr/lib/avr6/crtm2560.o (exit)
c:/program files (x86)/atmel/atmel toolchain/avr8 gcc/native/3.4.2.1002/avr8-gnu-toolchain/bin/../lib/gcc/avr/4.7.2/avr6\libgcc.a(_copy_data.o)
                              heater.o (__do_copy_data)
c:/program files (x86)/atmel/atmel toolchain/avr8 gcc/native/3.4.2.1002/avr8-gnu-toolchain/bin/../lib/gcc/avr/4.7.2/avr6\libgcc.a(_clear_bss.o)
                              analog.o (__do_clear_bss)
c:/program files (x86)/atmel/atmel toolchain/avr8 gcc/native/3.4.2.1002/avr8-gnu-toolchain/bin/../lib/gcc/avr/4.7.2/avr6\libgcc.a(_umulhisi3.o)
                              temp.o (__umulhisi3)
c:/program files (x86)/atmel/atmel toolchain/avr8 gcc/native/3.4.2.1002/avr8-gnu-toolchain/bin/../lib/gcc/avr/4.7.2/avr6\libgcc.a(_muluhisi3.o)
                              dda.o (__muluhisi3)
c:/program files (x86)/atmel/atmel toolchain/avr8 gcc/native/3.4.2.1002/avr8-gnu-toolchain/bin/../lib/gcc/avr/4.7.2/avr6\libgcc.a(_mulshisi3.o)
                              heater.o (__mulshisi3)
c:/program files (x86)/atmel/atmel toolchain/avr8 gcc/native/3.4.2.1002/avr8-gnu-toolchain/bin/../lib/gcc/avr/4.7.2/../../../../avr/lib/avr6\libc.a(eerd_dword_atmega2560.o)
                              heater.o (__eerd_dword_m2560)
c:/program files (x86)/atmel/atmel toolchain/avr8 gcc/native/3.4.2.1002/avr8-gnu-toolchain/bin/../lib/gcc/avr/4.7.2/../../../../avr/lib/avr6\libc.a(eerd_word_atmega2560.o)
                              heater.o (__eerd_word_m2560)
c:/program files (x86)/atmel/atmel toolchain/avr8 gcc/native/3.4.2.1002/avr8-gnu-toolchain/bin/../lib/gcc/avr/4.7.2/../../../../avr/lib/avr6\libc.a(eewr_dword_atmega2560.o)
                              heater.o (__eewr_dword_m2560)
c:/program files (x86)/atmel/atmel toolchain/avr8 gcc/native/3.4.2.1002/avr8-gnu-toolchain/bin/../lib/gcc/avr/4.7.2/../../../../avr/lib/avr6\libc.a(eewr_word_atmega2560.o)
                              heater.o (__eewr_word_m2560)
c:/program files (x86)/atmel/atmel toolchain/avr8 gcc/native/3.4.2.1002/avr8-gnu-toolchain/bin/../lib/gcc/avr/4.7.2/../../../../avr/lib/avr6\libc.a(eerd_block_atmega2560.o)
                              c:/program files (x86)/atmel/atmel toolchain/avr8 gcc/native/3.4.2.1002/avr8-gnu-toolchain/bin/../lib/gcc/avr/4.7.2/../../../../avr/lib/avr6\libc.a(eerd_dword_atmega2560.o) (__eerd_blraw_m2560)
c:/program files (x86)/atmel/atmel toolchain/avr8 gcc/native/3.4.2.1002/avr8-gnu-toolchain/bin/../lib/gcc/avr/4.7.2/../../../../avr/lib/avr6\libc.a(eewr_byte_atmega2560.o)
                              c:/program files (x86)/atmel/atmel toolchain/avr8 gcc/native/3.4.2.1002/avr8-gnu-toolchain/bin/../lib/gcc/avr/4.7.2/../../../../avr/lib/avr6\libc.a(eewr_word_atmega2560.o) (__eewr_byte_m2560)

Allocating common symbols
Common symbol       size              file

rxbuf               0x40              serial.o
next_tool           0x1               gcode_process.o
_XEncoderBSet       0x1               dda.o
temp_sensors_runtime
                    0x9               temp.o
tool                0x1               gcode_process.o
_YEncoderBSet       0x1               dda.o
next_step_time      0x4               timer.o
err_codes           0x1               intercom.o
_YEncoderISet       0x1               dda.o
heaters_runtime     0x28              heater.o
_XEncoderISet       0x1               dda.o
heaters_pid         0x1c              heater.o
txbuf               0x40              serial.o
debug_flags         0x1               debug.o

Discarded input sections

 .bss           0x00000000        0x0 c:/program files (x86)/atmel/atmel toolchain/avr8 gcc/native/3.4.2.1002/avr8-gnu-toolchain/bin/../lib/gcc/avr/4.7.2/../../../../avr/lib/avr6/crtm2560.o
 .text          0x00000000        0x0 analog.o
 .text          0x00000000        0x0 clock.o
 .bss           0x00000000        0x0 clock.o
 .text          0x00000000        0x0 copier.o
 .bss           0x00000000        0x0 copier.o
 .text          0x00000000        0x0 crc.o
 .bss           0x00000000        0x0 crc.o
 .text          0x00000000        0x0 dda.o
 .bss._YEncoderIndex
                0x00000000        0x4 dda.o
 .bss._XEncoderIndex
                0x00000000        0x4 dda.o
 .text          0x00000000        0x0 dda_lookahead.o
 .bss           0x00000000        0x0 dda_lookahead.o
 .text          0x00000000        0x0 dda_maths.o
 .bss           0x00000000        0x0 dda_maths.o
 .text.int_sqrt
                0x00000000       0xb8 dda_maths.o
 .text.msbloc   0x00000000       0x50 dda_maths.o
 .text          0x00000000        0x0 dda_queue.o
 .text          0x00000000        0x0 debug.o
 .bss           0x00000000        0x0 debug.o
 .text          0x00000000        0x0 delay.o
 .bss           0x00000000        0x0 delay.o
 .text          0x00000000        0x0 gcode_parse.o
 .text.request_resend
                0x00000000       0x22 gcode_parse.o
 .progmem.data.__c.1965
                0x00000000        0x4 gcode_parse.o
 .text          0x00000000        0x0 gcode_process.o
 .bss           0x00000000        0x0 gcode_process.o
 .text          0x00000000        0x0 graycode.o
 .bss           0x00000000        0x0 graycode.o
 .text          0x00000000        0x0 heater.o
 .bss           0x00000000        0x0 heater.o
 .text.heaters_all_off
                0x00000000       0x18 heater.o
 .text.heater_print
                0x00000000       0x84 heater.o
 .progmem.data.__c.1844
                0x00000000       0x22 heater.o
 .text          0x00000000        0x0 home.o
 .bss           0x00000000        0x0 home.o
 .text          0x00000000        0x0 intercom.o
 .bss           0x00000000        0x0 intercom.o
 COMMON         0x00000000        0x1 intercom.o
 .text          0x00000000        0x0 mendel.o
 .bss           0x00000000        0x0 mendel.o
 .text          0x00000000        0x0 pinio.o
 .bss           0x00000000        0x0 pinio.o
 .text          0x00000000        0x0 sd.o
 .bss           0x00000000        0x0 sd.o
 .text          0x00000000        0x0 serial.o
 .bss           0x00000000        0x0 serial.o
 .text.serial_writeblock
                0x00000000       0x38 serial.o
 .text.serial_writestr
                0x00000000       0x26 serial.o
 .text.serial_writeblock_P
                0x00000000       0x38 serial.o
 .text          0x00000000        0x0 sermsg.o
 .bss           0x00000000        0x0 sermsg.o
 .text          0x00000000        0x0 sersendf.o
 .bss           0x00000000        0x0 sersendf.o
 .text          0x00000000        0x0 temp.o
 .bss           0x00000000        0x0 temp.o
 .text.temp_get
                0x00000000       0x16 temp.o
 .text          0x00000000        0x0 timer.o
 .bss           0x00000000        0x0 timer.o
 .text          0x00000000        0x0 usb_serial.o
 .bss           0x00000000        0x0 usb_serial.o
 .text          0x00000000        0x0 watchdog.o
 .bss           0x00000000        0x0 watchdog.o
 .text          0x00000000        0x0 c:/program files (x86)/atmel/atmel toolchain/avr8 gcc/native/3.4.2.1002/avr8-gnu-toolchain/bin/../lib/gcc/avr/4.7.2/../../../../avr/lib/avr6\libm.a(cmpsf2.o)
 .bss           0x00000000        0x0 c:/program files (x86)/atmel/atmel toolchain/avr8 gcc/native/3.4.2.1002/avr8-gnu-toolchain/bin/../lib/gcc/avr/4.7.2/../../../../avr/lib/avr6\libm.a(cmpsf2.o)
 .text          0x00000000        0x0 c:/program files (x86)/atmel/atmel toolchain/avr8 gcc/native/3.4.2.1002/avr8-gnu-toolchain/bin/../lib/gcc/avr/4.7.2/../../../../avr/lib/avr6\libm.a(floatsisf.o)
 .bss           0x00000000        0x0 c:/program files (x86)/atmel/atmel toolchain/avr8 gcc/native/3.4.2.1002/avr8-gnu-toolchain/bin/../lib/gcc/avr/4.7.2/../../../../avr/lib/avr6\libm.a(floatsisf.o)
 .text          0x00000000        0x0 c:/program files (x86)/atmel/atmel toolchain/avr8 gcc/native/3.4.2.1002/avr8-gnu-toolchain/bin/../lib/gcc/avr/4.7.2/../../../../avr/lib/avr6\libm.a(fp_cmp.o)
 .bss           0x00000000        0x0 c:/program files (x86)/atmel/atmel toolchain/avr8 gcc/native/3.4.2.1002/avr8-gnu-toolchain/bin/../lib/gcc/avr/4.7.2/../../../../avr/lib/avr6\libm.a(fp_cmp.o)
 .text          0x00000000        0x0 c:/program files (x86)/atmel/atmel toolchain/avr8 gcc/native/3.4.2.1002/avr8-gnu-toolchain/bin/../lib/gcc/avr/4.7.2/../../../../avr/lib/avr6\libm.a(gesf2.o)
 .bss           0x00000000        0x0 c:/program files (x86)/atmel/atmel toolchain/avr8 gcc/native/3.4.2.1002/avr8-gnu-toolchain/bin/../lib/gcc/avr/4.7.2/../../../../avr/lib/avr6\libm.a(gesf2.o)
 .text          0x00000000        0x0 c:/program files (x86)/atmel/atmel toolchain/avr8 gcc/native/3.4.2.1002/avr8-gnu-toolchain/bin/../lib/gcc/avr/4.7.2/avr6\libgcc.a(_mulsi3.o)
 .bss           0x00000000        0x0 c:/program files (x86)/atmel/atmel toolchain/avr8 gcc/native/3.4.2.1002/avr8-gnu-toolchain/bin/../lib/gcc/avr/4.7.2/avr6\libgcc.a(_mulsi3.o)
 .text.libgcc.div
                0x00000000        0x0 c:/program files (x86)/atmel/atmel toolchain/avr8 gcc/native/3.4.2.1002/avr8-gnu-toolchain/bin/../lib/gcc/avr/4.7.2/avr6\libgcc.a(_mulsi3.o)
 .text.libgcc   0x00000000        0x0 c:/program files (x86)/atmel/atmel toolchain/avr8 gcc/native/3.4.2.1002/avr8-gnu-toolchain/bin/../lib/gcc/avr/4.7.2/avr6\libgcc.a(_mulsi3.o)
 .text.libgcc.prologue
                0x00000000        0x0 c:/program files (x86)/atmel/atmel toolchain/avr8 gcc/native/3.4.2.1002/avr8-gnu-toolchain/bin/../lib/gcc/avr/4.7.2/avr6\libgcc.a(_mulsi3.o)
 .text.libgcc.builtins
                0x00000000        0x0 c:/program files (x86)/atmel/atmel toolchain/avr8 gcc/native/3.4.2.1002/avr8-gnu-toolchain/bin/../lib/gcc/avr/4.7.2/avr6\libgcc.a(_mulsi3.o)
 .text.libgcc.fmul
                0x00000000        0x0 c:/program files (x86)/atmel/atmel toolchain/avr8 gcc/native/3.4.2.1002/avr8-gnu-toolchain/bin/../lib/gcc/avr/4.7.2/avr6\libgcc.a(_mulsi3.o)
 .text          0x00000000        0x0 c:/program files (x86)/atmel/atmel toolchain/avr8 gcc/native/3.4.2.1002/avr8-gnu-toolchain/bin/../lib/gcc/avr/4.7.2/avr6\libgcc.a(_udivmodhi4.o)
 .bss           0x00000000        0x0 c:/program files (x86)/atmel/atmel toolchain/avr8 gcc/native/3.4.2.1002/avr8-gnu-toolchain/bin/../lib/gcc/avr/4.7.2/avr6\libgcc.a(_udivmodhi4.o)
 .text.libgcc.mul
                0x00000000        0x0 c:/program files (x86)/atmel/atmel toolchain/avr8 gcc/native/3.4.2.1002/avr8-gnu-toolchain/bin/../lib/gcc/avr/4.7.2/avr6\libgcc.a(_udivmodhi4.o)
 .text.libgcc   0x00000000        0x0 c:/program files (x86)/atmel/atmel toolchain/avr8 gcc/native/3.4.2.1002/avr8-gnu-toolchain/bin/../lib/gcc/avr/4.7.2/avr6\libgcc.a(_udivmodhi4.o)
 .text.libgcc.prologue
                0x00000000        0x0 c:/program files (x86)/atmel/atmel toolchain/avr8 gcc/native/3.4.2.1002/avr8-gnu-toolchain/bin/../lib/gcc/avr/4.7.2/avr6\libgcc.a(_udivmodhi4.o)
 .text.libgcc.builtins
                0x00000000        0x0 c:/program files (x86)/atmel/atmel toolchain/avr8 gcc/native/3.4.2.1002/avr8-gnu-toolchain/bin/../lib/gcc/avr/4.7.2/avr6\libgcc.a(_udivmodhi4.o)
 .text.libgcc.fmul
                0x00000000        0x0 c:/program files (x86)/atmel/atmel toolchain/avr8 gcc/native/3.4.2.1002/avr8-gnu-toolchain/bin/../lib/gcc/avr/4.7.2/avr6\libgcc.a(_udivmodhi4.o)
 .text          0x00000000        0x0 c:/program files (x86)/atmel/atmel toolchain/avr8 gcc/native/3.4.2.1002/avr8-gnu-toolchain/bin/../lib/gcc/avr/4.7.2/avr6\libgcc.a(_udivmodsi4.o)
 .bss           0x00000000        0x0 c:/program files (x86)/atmel/atmel toolchain/avr8 gcc/native/3.4.2.1002/avr8-gnu-toolchain/bin/../lib/gcc/avr/4.7.2/avr6\libgcc.a(_udivmodsi4.o)
 .text.libgcc.mul
                0x00000000        0x0 c:/program files (x86)/atmel/atmel toolchain/avr8 gcc/native/3.4.2.1002/avr8-gnu-toolchain/bin/../lib/gcc/avr/4.7.2/avr6\libgcc.a(_udivmodsi4.o)
 .text.libgcc   0x00000000        0x0 c:/program files (x86)/atmel/atmel toolchain/avr8 gcc/native/3.4.2.1002/avr8-gnu-toolchain/bin/../lib/gcc/avr/4.7.2/avr6\libgcc.a(_udivmodsi4.o)
 .text.libgcc.prologue
                0x00000000        0x0 c:/program files (x86)/atmel/atmel toolchain/avr8 gcc/native/3.4.2.1002/avr8-gnu-toolchain/bin/../lib/gcc/avr/4.7.2/avr6\libgcc.a(_udivmodsi4.o)
 .text.libgcc.builtins
                0x00000000        0x0 c:/program files (x86)/atmel/atmel toolchain/avr8 gcc/native/3.4.2.1002/avr8-gnu-toolchain/bin/../lib/gcc/avr/4.7.2/avr6\libgcc.a(_udivmodsi4.o)
 .text.libgcc.fmul
                0x00000000        0x0 c:/program files (x86)/atmel/atmel toolchain/avr8 gcc/native/3.4.2.1002/avr8-gnu-toolchain/bin/../lib/gcc/avr/4.7.2/avr6\libgcc.a(_udivmodsi4.o)
 .text          0x00000000        0x0 c:/program files (x86)/atmel/atmel toolchain/avr8 gcc/native/3.4.2.1002/avr8-gnu-toolchain/bin/../lib/gcc/avr/4.7.2/avr6\libgcc.a(_divmodsi4.o)
 .bss           0x00000000        0x0 c:/program files (x86)/atmel/atmel toolchain/avr8 gcc/native/3.4.2.1002/avr8-gnu-toolchain/bin/../lib/gcc/avr/4.7.2/avr6\libgcc.a(_divmodsi4.o)
 .text.libgcc.mul
                0x00000000        0x0 c:/program files (x86)/atmel/atmel toolchain/avr8 gcc/native/3.4.2.1002/avr8-gnu-toolchain/bin/../lib/gcc/avr/4.7.2/avr6\libgcc.a(_divmodsi4.o)
 .text.libgcc   0x00000000        0x0 c:/program files (x86)/atmel/atmel toolchain/avr8 gcc/native/3.4.2.1002/avr8-gnu-toolchain/bin/../lib/gcc/avr/4.7.2/avr6\libgcc.a(_divmodsi4.o)
 .text.libgcc.prologue
                0x00000000        0x0 c:/program files (x86)/atmel/atmel toolchain/avr8 gcc/native/3.4.2.1002/avr8-gnu-toolchain/bin/../lib/gcc/avr/4.7.2/avr6\libgcc.a(_divmodsi4.o)
 .text.libgcc.builtins
                0x00000000        0x0 c:/program files (x86)/atmel/atmel toolchain/avr8 gcc/native/3.4.2.1002/avr8-gnu-toolchain/bin/../lib/gcc/avr/4.7.2/avr6\libgcc.a(_divmodsi4.o)
 .text.libgcc.fmul
                0x00000000        0x0 c:/program files (x86)/atmel/atmel toolchain/avr8 gcc/native/3.4.2.1002/avr8-gnu-toolchain/bin/../lib/gcc/avr/4.7.2/avr6\libgcc.a(_divmodsi4.o)
 .text          0x00000000        0x0 c:/program files (x86)/atmel/atmel toolchain/avr8 gcc/native/3.4.2.1002/avr8-gnu-toolchain/bin/../lib/gcc/avr/4.7.2/avr6\libgcc.a(_exit.o)
 .bss           0x00000000        0x0 c:/program files (x86)/atmel/atmel toolchain/avr8 gcc/native/3.4.2.1002/avr8-gnu-toolchain/bin/../lib/gcc/avr/4.7.2/avr6\libgcc.a(_exit.o)
 .text.libgcc.mul
                0x00000000        0x0 c:/program files (x86)/atmel/atmel toolchain/avr8 gcc/native/3.4.2.1002/avr8-gnu-toolchain/bin/../lib/gcc/avr/4.7.2/avr6\libgcc.a(_exit.o)
 .text.libgcc.div
                0x00000000        0x0 c:/program files (x86)/atmel/atmel toolchain/avr8 gcc/native/3.4.2.1002/avr8-gnu-toolchain/bin/../lib/gcc/avr/4.7.2/avr6\libgcc.a(_exit.o)
 .text.libgcc   0x00000000        0x0 c:/program files (x86)/atmel/atmel toolchain/avr8 gcc/native/3.4.2.1002/avr8-gnu-toolchain/bin/../lib/gcc/avr/4.7.2/avr6\libgcc.a(_exit.o)
 .text.libgcc.prologue
                0x00000000        0x0 c:/program files (x86)/atmel/atmel toolchain/avr8 gcc/native/3.4.2.1002/avr8-gnu-toolchain/bin/../lib/gcc/avr/4.7.2/avr6\libgcc.a(_exit.o)
 .text.libgcc.builtins
                0x00000000        0x0 c:/program files (x86)/atmel/atmel toolchain/avr8 gcc/native/3.4.2.1002/avr8-gnu-toolchain/bin/../lib/gcc/avr/4.7.2/avr6\libgcc.a(_exit.o)
 .text.libgcc.fmul
                0x00000000        0x0 c:/program files (x86)/atmel/atmel toolchain/avr8 gcc/native/3.4.2.1002/avr8-gnu-toolchain/bin/../lib/gcc/avr/4.7.2/avr6\libgcc.a(_exit.o)
 .text          0x00000000        0x0 c:/program files (x86)/atmel/atmel toolchain/avr8 gcc/native/3.4.2.1002/avr8-gnu-toolchain/bin/../lib/gcc/avr/4.7.2/avr6\libgcc.a(_copy_data.o)
 .bss           0x00000000        0x0 c:/program files (x86)/atmel/atmel toolchain/avr8 gcc/native/3.4.2.1002/avr8-gnu-toolchain/bin/../lib/gcc/avr/4.7.2/avr6\libgcc.a(_copy_data.o)
 .text.libgcc.mul
                0x00000000        0x0 c:/program files (x86)/atmel/atmel toolchain/avr8 gcc/native/3.4.2.1002/avr8-gnu-toolchain/bin/../lib/gcc/avr/4.7.2/avr6\libgcc.a(_copy_data.o)
 .text.libgcc.div
                0x00000000        0x0 c:/program files (x86)/atmel/atmel toolchain/avr8 gcc/native/3.4.2.1002/avr8-gnu-toolchain/bin/../lib/gcc/avr/4.7.2/avr6\libgcc.a(_copy_data.o)
 .text.libgcc   0x00000000        0x0 c:/program files (x86)/atmel/atmel toolchain/avr8 gcc/native/3.4.2.1002/avr8-gnu-toolchain/bin/../lib/gcc/avr/4.7.2/avr6\libgcc.a(_copy_data.o)
 .text.libgcc.prologue
                0x00000000        0x0 c:/program files (x86)/atmel/atmel toolchain/avr8 gcc/native/3.4.2.1002/avr8-gnu-toolchain/bin/../lib/gcc/avr/4.7.2/avr6\libgcc.a(_copy_data.o)
 .text.libgcc.builtins
                0x00000000        0x0 c:/program files (x86)/atmel/atmel toolchain/avr8 gcc/native/3.4.2.1002/avr8-gnu-toolchain/bin/../lib/gcc/avr/4.7.2/avr6\libgcc.a(_copy_data.o)
 .text.libgcc.fmul
                0x00000000        0x0 c:/program files (x86)/atmel/atmel toolchain/avr8 gcc/native/3.4.2.1002/avr8-gnu-toolchain/bin/../lib/gcc/avr/4.7.2/avr6\libgcc.a(_copy_data.o)
 .text          0x00000000        0x0 c:/program files (x86)/atmel/atmel toolchain/avr8 gcc/native/3.4.2.1002/avr8-gnu-toolchain/bin/../lib/gcc/avr/4.7.2/avr6\libgcc.a(_clear_bss.o)
 .bss           0x00000000        0x0 c:/program files (x86)/atmel/atmel toolchain/avr8 gcc/native/3.4.2.1002/avr8-gnu-toolchain/bin/../lib/gcc/avr/4.7.2/avr6\libgcc.a(_clear_bss.o)
 .text.libgcc.mul
                0x00000000        0x0 c:/program files (x86)/atmel/atmel toolchain/avr8 gcc/native/3.4.2.1002/avr8-gnu-toolchain/bin/../lib/gcc/avr/4.7.2/avr6\libgcc.a(_clear_bss.o)
 .text.libgcc.div
                0x00000000        0x0 c:/program files (x86)/atmel/atmel toolchain/avr8 gcc/native/3.4.2.1002/avr8-gnu-toolchain/bin/../lib/gcc/avr/4.7.2/avr6\libgcc.a(_clear_bss.o)
 .text.libgcc   0x00000000        0x0 c:/program files (x86)/atmel/atmel toolchain/avr8 gcc/native/3.4.2.1002/avr8-gnu-toolchain/bin/../lib/gcc/avr/4.7.2/avr6\libgcc.a(_clear_bss.o)
 .text.libgcc.prologue
                0x00000000        0x0 c:/program files (x86)/atmel/atmel toolchain/avr8 gcc/native/3.4.2.1002/avr8-gnu-toolchain/bin/../lib/gcc/avr/4.7.2/avr6\libgcc.a(_clear_bss.o)
 .text.libgcc.builtins
                0x00000000        0x0 c:/program files (x86)/atmel/atmel toolchain/avr8 gcc/native/3.4.2.1002/avr8-gnu-toolchain/bin/../lib/gcc/avr/4.7.2/avr6\libgcc.a(_clear_bss.o)
 .text.libgcc.fmul
                0x00000000        0x0 c:/program files (x86)/atmel/atmel toolchain/avr8 gcc/native/3.4.2.1002/avr8-gnu-toolchain/bin/../lib/gcc/avr/4.7.2/avr6\libgcc.a(_clear_bss.o)
 .text          0x00000000        0x0 c:/program files (x86)/atmel/atmel toolchain/avr8 gcc/native/3.4.2.1002/avr8-gnu-toolchain/bin/../lib/gcc/avr/4.7.2/avr6\libgcc.a(_umulhisi3.o)
 .bss           0x00000000        0x0 c:/program files (x86)/atmel/atmel toolchain/avr8 gcc/native/3.4.2.1002/avr8-gnu-toolchain/bin/../lib/gcc/avr/4.7.2/avr6\libgcc.a(_umulhisi3.o)
 .text.libgcc.div
                0x00000000        0x0 c:/program files (x86)/atmel/atmel toolchain/avr8 gcc/native/3.4.2.1002/avr8-gnu-toolchain/bin/../lib/gcc/avr/4.7.2/avr6\libgcc.a(_umulhisi3.o)
 .text.libgcc   0x00000000        0x0 c:/program files (x86)/atmel/atmel toolchain/avr8 gcc/native/3.4.2.1002/avr8-gnu-toolchain/bin/../lib/gcc/avr/4.7.2/avr6\libgcc.a(_umulhisi3.o)
 .text.libgcc.prologue
                0x00000000        0x0 c:/program files (x86)/atmel/atmel toolchain/avr8 gcc/native/3.4.2.1002/avr8-gnu-toolchain/bin/../lib/gcc/avr/4.7.2/avr6\libgcc.a(_umulhisi3.o)
 .text.libgcc.builtins
                0x00000000        0x0 c:/program files (x86)/atmel/atmel toolchain/avr8 gcc/native/3.4.2.1002/avr8-gnu-toolchain/bin/../lib/gcc/avr/4.7.2/avr6\libgcc.a(_umulhisi3.o)
 .text.libgcc.fmul
                0x00000000        0x0 c:/program files (x86)/atmel/atmel toolchain/avr8 gcc/native/3.4.2.1002/avr8-gnu-toolchain/bin/../lib/gcc/avr/4.7.2/avr6\libgcc.a(_umulhisi3.o)
 .text          0x00000000        0x0 c:/program files (x86)/atmel/atmel toolchain/avr8 gcc/native/3.4.2.1002/avr8-gnu-toolchain/bin/../lib/gcc/avr/4.7.2/avr6\libgcc.a(_muluhisi3.o)
 .bss           0x00000000        0x0 c:/program files (x86)/atmel/atmel toolchain/avr8 gcc/native/3.4.2.1002/avr8-gnu-toolchain/bin/../lib/gcc/avr/4.7.2/avr6\libgcc.a(_muluhisi3.o)
 .text.libgcc.div
                0x00000000        0x0 c:/program files (x86)/atmel/atmel toolchain/avr8 gcc/native/3.4.2.1002/avr8-gnu-toolchain/bin/../lib/gcc/avr/4.7.2/avr6\libgcc.a(_muluhisi3.o)
 .text.libgcc   0x00000000        0x0 c:/program files (x86)/atmel/atmel toolchain/avr8 gcc/native/3.4.2.1002/avr8-gnu-toolchain/bin/../lib/gcc/avr/4.7.2/avr6\libgcc.a(_muluhisi3.o)
 .text.libgcc.prologue
                0x00000000        0x0 c:/program files (x86)/atmel/atmel toolchain/avr8 gcc/native/3.4.2.1002/avr8-gnu-toolchain/bin/../lib/gcc/avr/4.7.2/avr6\libgcc.a(_muluhisi3.o)
 .text.libgcc.builtins
                0x00000000        0x0 c:/program files (x86)/atmel/atmel toolchain/avr8 gcc/native/3.4.2.1002/avr8-gnu-toolchain/bin/../lib/gcc/avr/4.7.2/avr6\libgcc.a(_muluhisi3.o)
 .text.libgcc.fmul
                0x00000000        0x0 c:/program files (x86)/atmel/atmel toolchain/avr8 gcc/native/3.4.2.1002/avr8-gnu-toolchain/bin/../lib/gcc/avr/4.7.2/avr6\libgcc.a(_muluhisi3.o)
 .text          0x00000000        0x0 c:/program files (x86)/atmel/atmel toolchain/avr8 gcc/native/3.4.2.1002/avr8-gnu-toolchain/bin/../lib/gcc/avr/4.7.2/avr6\libgcc.a(_mulshisi3.o)
 .bss           0x00000000        0x0 c:/program files (x86)/atmel/atmel toolchain/avr8 gcc/native/3.4.2.1002/avr8-gnu-toolchain/bin/../lib/gcc/avr/4.7.2/avr6\libgcc.a(_mulshisi3.o)
 .text.libgcc.div
                0x00000000        0x0 c:/program files (x86)/atmel/atmel toolchain/avr8 gcc/native/3.4.2.1002/avr8-gnu-toolchain/bin/../lib/gcc/avr/4.7.2/avr6\libgcc.a(_mulshisi3.o)
 .text.libgcc   0x00000000        0x0 c:/program files (x86)/atmel/atmel toolchain/avr8 gcc/native/3.4.2.1002/avr8-gnu-toolchain/bin/../lib/gcc/avr/4.7.2/avr6\libgcc.a(_mulshisi3.o)
 .text.libgcc.prologue
                0x00000000        0x0 c:/program files (x86)/atmel/atmel toolchain/avr8 gcc/native/3.4.2.1002/avr8-gnu-toolchain/bin/../lib/gcc/avr/4.7.2/avr6\libgcc.a(_mulshisi3.o)
 .text.libgcc.builtins
                0x00000000        0x0 c:/program files (x86)/atmel/atmel toolchain/avr8 gcc/native/3.4.2.1002/avr8-gnu-toolchain/bin/../lib/gcc/avr/4.7.2/avr6\libgcc.a(_mulshisi3.o)
 .text.libgcc.fmul
                0x00000000        0x0 c:/program files (x86)/atmel/atmel toolchain/avr8 gcc/native/3.4.2.1002/avr8-gnu-toolchain/bin/../lib/gcc/avr/4.7.2/avr6\libgcc.a(_mulshisi3.o)
 .text          0x00000000        0x0 c:/program files (x86)/atmel/atmel toolchain/avr8 gcc/native/3.4.2.1002/avr8-gnu-toolchain/bin/../lib/gcc/avr/4.7.2/../../../../avr/lib/avr6\libc.a(eerd_dword_atmega2560.o)
 .bss           0x00000000        0x0 c:/program files (x86)/atmel/atmel toolchain/avr8 gcc/native/3.4.2.1002/avr8-gnu-toolchain/bin/../lib/gcc/avr/4.7.2/../../../../avr/lib/avr6\libc.a(eerd_dword_atmega2560.o)
 .text          0x00000000        0x0 c:/program files (x86)/atmel/atmel toolchain/avr8 gcc/native/3.4.2.1002/avr8-gnu-toolchain/bin/../lib/gcc/avr/4.7.2/../../../../avr/lib/avr6\libc.a(eerd_word_atmega2560.o)
 .bss           0x00000000        0x0 c:/program files (x86)/atmel/atmel toolchain/avr8 gcc/native/3.4.2.1002/avr8-gnu-toolchain/bin/../lib/gcc/avr/4.7.2/../../../../avr/lib/avr6\libc.a(eerd_word_atmega2560.o)
 .text          0x00000000        0x0 c:/program files (x86)/atmel/atmel toolchain/avr8 gcc/native/3.4.2.1002/avr8-gnu-toolchain/bin/../lib/gcc/avr/4.7.2/../../../../avr/lib/avr6\libc.a(eewr_dword_atmega2560.o)
 .bss           0x00000000        0x0 c:/program files (x86)/atmel/atmel toolchain/avr8 gcc/native/3.4.2.1002/avr8-gnu-toolchain/bin/../lib/gcc/avr/4.7.2/../../../../avr/lib/avr6\libc.a(eewr_dword_atmega2560.o)
 .text          0x00000000        0x0 c:/program files (x86)/atmel/atmel toolchain/avr8 gcc/native/3.4.2.1002/avr8-gnu-toolchain/bin/../lib/gcc/avr/4.7.2/../../../../avr/lib/avr6\libc.a(eewr_word_atmega2560.o)
 .bss           0x00000000        0x0 c:/program files (x86)/atmel/atmel toolchain/avr8 gcc/native/3.4.2.1002/avr8-gnu-toolchain/bin/../lib/gcc/avr/4.7.2/../../../../avr/lib/avr6\libc.a(eewr_word_atmega2560.o)
 .text          0x00000000        0x0 c:/program files (x86)/atmel/atmel toolchain/avr8 gcc/native/3.4.2.1002/avr8-gnu-toolchain/bin/../lib/gcc/avr/4.7.2/../../../../avr/lib/avr6\libc.a(eerd_block_atmega2560.o)
 .bss           0x00000000        0x0 c:/program files (x86)/atmel/atmel toolchain/avr8 gcc/native/3.4.2.1002/avr8-gnu-toolchain/bin/../lib/gcc/avr/4.7.2/../../../../avr/lib/avr6\libc.a(eerd_block_atmega2560.o)
 .text          0x00000000        0x0 c:/program files (x86)/atmel/atmel toolchain/avr8 gcc/native/3.4.2.1002/avr8-gnu-toolchain/bin/../lib/gcc/avr/4.7.2/../../../../avr/lib/avr6\libc.a(eewr_byte_atmega2560.o)
 .bss           0x00000000        0x0 c:/program files (x86)/atmel/atmel toolchain/avr8 gcc/native/3.4.2.1002/avr8-gnu-toolchain/bin/../lib/gcc/avr/4.7.2/../../../../avr/lib/avr6\libc.a(eewr_byte_atmega2560.o)

Memory Configuration

Name             Origin             Length             Attributes
text             0x00000000         0x00100000         xr
data             0x00800200         0x0000fe00         rw !x
eeprom           0x00810000         0x00010000         rw !x
fuse             0x00820000         0x00000400         rw !x
lock             0x00830000         0x00000400         rw !x
signature        0x00840000         0x00000400         rw !x
user_signatures  0x00850000         0x00000400         rw !x
*default*        0x00000000         0xffffffff

Linker script and memory map

Address of section .data set to 0x800200
LOAD c:/program files (x86)/atmel/atmel toolchain/avr8 gcc/native/3.4.2.1002/avr8-gnu-toolchain/bin/../lib/gcc/avr/4.7.2/../../../../avr/lib/avr6/crtm2560.o
LOAD analog.o
LOAD clock.o
LOAD copier.o
LOAD crc.o
LOAD dda.o
LOAD dda_lookahead.o
LOAD dda_maths.o
LOAD dda_queue.o
LOAD debug.o
LOAD delay.o
LOAD gcode_parse.o
LOAD gcode_process.o
LOAD graycode.o
LOAD heater.o
LOAD home.o
LOAD intercom.o
LOAD mendel.o
LOAD pinio.o
LOAD sd.o
LOAD serial.o
LOAD sermsg.o
LOAD sersendf.o
LOAD temp.o
LOAD timer.o
LOAD usb_serial.o
LOAD watchdog.o
START GROUP
LOAD c:/program files (x86)/atmel/atmel toolchain/avr8 gcc/native/3.4.2.1002/avr8-gnu-toolchain/bin/../lib/gcc/avr/4.7.2/../../../../avr/lib/avr6\libm.a
END GROUP
LOAD c:/program files (x86)/atmel/atmel toolchain/avr8 gcc/native/3.4.2.1002/avr8-gnu-toolchain/bin/../lib/gcc/avr/4.7.2/avr6\libgcc.a
LOAD c:/program files (x86)/atmel/atmel toolchain/avr8 gcc/native/3.4.2.1002/avr8-gnu-toolchain/bin/../lib/gcc/avr/4.7.2/../../../../avr/lib/avr6\libc.a
LOAD c:/program files (x86)/atmel/atmel toolchain/avr8 gcc/native/3.4.2.1002/avr8-gnu-toolchain/bin/../lib/gcc/avr/4.7.2/avr6\libgcc.a

.hash
 *(.hash)

.dynsym
 *(.dynsym)

.dynstr
 *(.dynstr)

.gnu.version
 *(.gnu.version)

.gnu.version_d
 *(.gnu.version_d)

.gnu.version_r
 *(.gnu.version_r)

.rel.init
 *(.rel.init)

.rela.init
 *(.rela.init)

.rel.text
 *(.rel.text)
 *(.rel.text.*)
 *(.rel.gnu.linkonce.t*)

.rela.text
 *(.rela.text)
 *(.rela.text.*)
 *(.rela.gnu.linkonce.t*)

.rel.fini
 *(.rel.fini)

.rela.fini
 *(.rela.fini)

.rel.rodata
 *(.rel.rodata)
 *(.rel.rodata.*)
 *(.rel.gnu.linkonce.r*)

.rela.rodata
 *(.rela.rodata)
 *(.rela.rodata.*)
 *(.rela.gnu.linkonce.r*)

.rel.data
 *(.rel.data)
 *(.rel.data.*)
 *(.rel.gnu.linkonce.d*)

.rela.data
 *(.rela.data)
 *(.rela.data.*)
 *(.rela.gnu.linkonce.d*)

.rel.ctors
 *(.rel.ctors)

.rela.ctors
 *(.rela.ctors)

.rel.dtors
 *(.rel.dtors)

.rela.dtors
 *(.rela.dtors)

.rel.got
 *(.rel.got)

.rela.got
 *(.rela.got)

.rel.bss
 *(.rel.bss)

.rela.bss
 *(.rela.bss)

.rel.plt
 *(.rel.plt)

.rela.plt
 *(.rela.plt)

.text           0x00000000     0x4bba
 *(.vectors)
 .vectors       0x00000000       0xe4 c:/program files (x86)/atmel/atmel toolchain/avr8 gcc/native/3.4.2.1002/avr8-gnu-toolchain/bin/../lib/gcc/avr/4.7.2/../../../../avr/lib/avr6/crtm2560.o
                0x00000000                __vector_default
                0x00000000                __vectors
 *(.vectors)
 *(.progmem.gcc*)
 *(.progmem*)
 .progmem.data.__c.1751
                0x000000e4       0x1a clock.o
 .progmem.data.__c.1753
                0x000000fe       0x1a clock.o
 .progmem.data.__c.2132
                0x00000118       0x10 dda.o
 .progmem.data.__c.2134
                0x00000128       0x13 dda.o
 .progmem.data.__c.2136
                0x0000013b        0x7 dda.o
 .progmem.data.__c.2138
                0x00000142        0x8 dda.o
 .progmem.data.__c.2141
                0x0000014a        0x5 dda.o
 .progmem.data.__c.1852
                0x0000014f        0xf dda_queue.o
 .progmem.data.__c.1871
                0x0000015e       0x19 dda_queue.o
 .progmem.data.__c.1878
                0x00000177        0x9 dda_queue.o
 .progmem.data.__c.1956
                0x00000180        0x4 gcode_parse.o
 .progmem.data.__c.1958
                0x00000184       0x1e gcode_parse.o
 .progmem.data.__c.1963
                0x000001a2       0x11 gcode_process.o
 .progmem.data.__c.1988
                0x000001b3       0x1e gcode_process.o
 .progmem.data.__c.1991
                0x000001d1       0xad gcode_process.o
 .progmem.data.__c.1995
                0x0000027e        0xa gcode_process.o
 .progmem.data.__c.1997
                0x00000288        0xa gcode_process.o
 .progmem.data.__c.1999
                0x00000292        0xa gcode_process.o
 .progmem.data.__c.2001
                0x0000029c        0xa gcode_process.o
 .progmem.data.__c.2003
                0x000002a6        0xa gcode_process.o
 .progmem.data.__c.2012
                0x000002b0       0x11 gcode_process.o
 .progmem.data.__c.1848
                0x000002c1        0xa mendel.o
 .progmem.data.__c.1571
                0x000002cb        0x3 sersendf.o
 .progmem.data.temptable
                0x000002ce      0x330 temp.o
                0x000002ce                temptable
 .progmem.data.__c.1831
                0x000005fe        0x3 temp.o
 .progmem.data.__c.1833
                0x00000601        0x4 temp.o
 .progmem.data.__c.1835
                0x00000605        0x8 temp.o
 .progmem.data.__c.1826
                0x0000060d        0x6 temp.o
                0x00000614                . = ALIGN (0x2)
 *fill*         0x00000613        0x1 
                0x00000614                __trampolines_start = .
 *(.trampolines)
 .trampolines   0x00000614        0x0 linker stubs
 *(.trampolines*)
                0x00000614                __trampolines_end = .
 *(.jumptables)
 *(.jumptables*)
 *(.lowtext)
 *(.lowtext*)
                0x00000614                __ctors_start = .
 *(.ctors)
                0x00000614                __ctors_end = .
                0x00000614                __dtors_start = .
 *(.dtors)
                0x00000614                __dtors_end = .
 SORT(*)(.ctors)
 SORT(*)(.dtors)
 *(.init0)
 .init0         0x00000614        0x0 c:/program files (x86)/atmel/atmel toolchain/avr8 gcc/native/3.4.2.1002/avr8-gnu-toolchain/bin/../lib/gcc/avr/4.7.2/../../../../avr/lib/avr6/crtm2560.o
                0x00000614                __init
 *(.init0)
 *(.init1)
 *(.init1)
 *(.init2)
 .init2         0x00000614       0x10 c:/program files (x86)/atmel/atmel toolchain/avr8 gcc/native/3.4.2.1002/avr8-gnu-toolchain/bin/../lib/gcc/avr/4.7.2/../../../../avr/lib/avr6/crtm2560.o
 *(.init2)
 *(.init3)
 *(.init3)
 *(.init4)
 .init4         0x00000624       0x1a c:/program files (x86)/atmel/atmel toolchain/avr8 gcc/native/3.4.2.1002/avr8-gnu-toolchain/bin/../lib/gcc/avr/4.7.2/avr6\libgcc.a(_copy_data.o)
                0x00000624                __do_copy_data
 .init4         0x0000063e       0x10 c:/program files (x86)/atmel/atmel toolchain/avr8 gcc/native/3.4.2.1002/avr8-gnu-toolchain/bin/../lib/gcc/avr/4.7.2/avr6\libgcc.a(_clear_bss.o)
                0x0000063e                __do_clear_bss
 *(.init4)
 *(.init5)
 *(.init5)
 *(.init6)
 *(.init6)
 *(.init7)
 *(.init7)
 *(.init8)
 *(.init8)
 *(.init9)
 .init9         0x0000064e        0x8 c:/program files (x86)/atmel/atmel toolchain/avr8 gcc/native/3.4.2.1002/avr8-gnu-toolchain/bin/../lib/gcc/avr/4.7.2/../../../../avr/lib/avr6/crtm2560.o
 *(.init9)
 *(.text)
 .text          0x00000656        0x2 c:/program files (x86)/atmel/atmel toolchain/avr8 gcc/native/3.4.2.1002/avr8-gnu-toolchain/bin/../lib/gcc/avr/4.7.2/../../../../avr/lib/avr6/crtm2560.o
                0x00000656                __vector_38
                0x00000656                __vector_22
                0x00000656                __vector_28
                0x00000656                __vector_1
                0x00000656                __vector_32
                0x00000656                __vector_34
                0x00000656                __vector_24
                0x00000656                __vector_12
                0x00000656                __vector_55
                0x00000656                __vector_46
                0x00000656                __bad_interrupt
                0x00000656                __vector_6
                0x00000656                __vector_31
                0x00000656                __vector_35
                0x00000656                __vector_39
                0x00000656                __vector_23
                0x00000656                __vector_30
                0x00000656                __vector_45
                0x00000656                __vector_11
                0x00000656                __vector_54
                0x00000656                __vector_13
                0x00000656                __vector_17
                0x00000656                __vector_19
                0x00000656                __vector_56
                0x00000656                __vector_7
                0x00000656                __vector_49
                0x00000656                __vector_41
                0x00000656                __vector_27
                0x00000656                __vector_5
                0x00000656                __vector_33
                0x00000656                __vector_47
                0x00000656                __vector_52
                0x00000656                __vector_37
                0x00000656                __vector_44
                0x00000656                __vector_51
                0x00000656                __vector_9
                0x00000656                __vector_2
                0x00000656                __vector_21
                0x00000656                __vector_15
                0x00000656                __vector_36
                0x00000656                __vector_40
                0x00000656                __vector_8
                0x00000656                __vector_48
                0x00000656                __vector_14
                0x00000656                __vector_53
                0x00000656                __vector_10
                0x00000656                __vector_50
                0x00000656                __vector_16
                0x00000656                __vector_18
                0x00000656                __vector_20
                0x00000658                . = ALIGN (0x2)
 *(.text.*)
 .text.analog_init
                0x00000658       0x40 analog.o
                0x00000658                analog_init
 .text.__vector_29
                0x00000698       0x6e analog.o
                0x00000698                __vector_29
 .text.analog_read
                0x00000706       0x1a analog.o
                0x00000706                analog_read
 .text.clock    0x00000720      0x1bc clock.o
                0x00000720                clock
 .text.crc_block
                0x000008dc       0x48 crc.o
                0x000008dc                crc_block
 .text.dda_init
                0x00000924      0x140 dda.o
                0x00000924                dda_init
 .text.dda_new_startpoint
                0x00000a64       0xfe dda.o
                0x00000a64                dda_new_startpoint
 .text.dda_create
                0x00000b62      0xa48 dda.o
                0x00000b62                dda_create
 .text.hot.dda_start
                0x000015aa      0x126 dda.o
                0x000015aa                dda_start
 .text.hot.dda_step
                0x000016d0      0x5f8 dda.o
                0x000016d0                dda_step
 .text.update_current_position
                0x00001cc8      0x1de dda.o
                0x00001cc8                update_current_position
 .text.__vector_3
                0x00001ea6       0x8e dda.o
                0x00001ea6                __vector_3
 .text.__vector_4
                0x00001f34       0x8a dda.o
                0x00001f34                __vector_4
 .text.muldivQR
                0x00001fbe      0x15e dda_maths.o
                0x00001fbe                muldivQR
 .text.approx_distance
                0x0000211c       0xbe dda_maths.o
                0x0000211c                approx_distance
 .text.approx_distance_3
                0x000021da      0x198 dda_maths.o
                0x000021da                approx_distance_3
 .text.queue_full
                0x00002372       0x30 dda_queue.o
                0x00002372                queue_full
 .text.queue_empty
                0x000023a2       0x2c dda_queue.o
                0x000023a2                queue_empty
 .text.hot.next_move
                0x000023ce       0x66 dda_queue.o
                0x000023ce                next_move
 .text.enqueue_home
                0x00002434       0xac dda_queue.o
                0x00002434                enqueue_home
 .text.queue_step
                0x000024e0       0x5a dda_queue.o
                0x000024e0                queue_step
 .text.print_queue
                0x0000253a       0x4e dda_queue.o
                0x0000253a                print_queue
 .text.queue_flush
                0x00002588       0x1c dda_queue.o
                0x00002588                queue_flush
 .text.queue_wait
                0x000025a4        0xe dda_queue.o
                0x000025a4                queue_wait
 .text.delay_us
                0x000025b2       0x24 delay.o
                0x000025b2                delay_us
 .text.delay_ms
                0x000025d6       0x46 delay.o
                0x000025d6                delay_ms
 .text.decfloat_to_int.constprop.0
                0x0000261c       0xc8 gcode_parse.o
 .text.gcode_init
                0x000026e4       0x1c gcode_parse.o
                0x000026e4                gcode_init
 .text.gcode_parse_char
                0x00002700      0x5e4 gcode_parse.o
                0x00002700                gcode_parse_char
 .text.process_gcode_command
                0x00002ce4      0x8c2 gcode_process.o
                0x00002ce4                process_gcode_command
 .text.heater_init
                0x000035a6      0x29a heater.o
                0x000035a6                heater_init
 .text.heater_set
                0x00003840       0x58 heater.o
                0x00003840                heater_set
 .text.heater_tick
                0x00003898      0x170 heater.o
                0x00003898                heater_tick
 .text.heaters_all_zero
                0x00003a08       0x18 heater.o
                0x00003a08                heaters_all_zero
 .text.pid_set_p
                0x00003a20       0x1a heater.o
                0x00003a20                pid_set_p
 .text.pid_set_i
                0x00003a3a       0x1a heater.o
                0x00003a3a                pid_set_i
 .text.pid_set_d
                0x00003a54       0x1a heater.o
                0x00003a54                pid_set_d
 .text.pid_set_i_limit
                0x00003a6e       0x16 heater.o
                0x00003a6e                pid_set_i_limit
 .text.heater_save_settings
                0x00003a84       0x9e heater.o
                0x00003a84                heater_save_settings
 .text.home_x_negative
                0x00003b22       0xb8 home.o
                0x00003b22                home_x_negative
 .text.home_x_positive
                0x00003bda       0xee home.o
                0x00003bda                home_x_positive
 .text.home_y_negative
                0x00003cc8       0xb8 home.o
                0x00003cc8                home_y_negative
 .text.home_y_positive
                0x00003d80       0xee home.o
                0x00003d80                home_y_positive
 .text.home_z_negative
                0x00003e6e       0xb8 home.o
                0x00003e6e                home_z_negative
 .text.home     0x00003f26        0x6 home.o
                0x00003f26                home
 .text.home_z_positive
                0x00003f2c        0x2 home.o
                0x00003f2c                home_z_positive
 .text.io_init  0x00003f2e       0x88 mendel.o
                0x00003f2e                io_init
 .text.init     0x00003fb6       0x1e mendel.o
                0x00003fb6                init
 .text.startup.main
                0x00003fd4       0x1c mendel.o
                0x00003fd4                main
 .text.power_on
                0x00003ff0       0x14 pinio.o
                0x00003ff0                power_on
 .text.power_off
                0x00004004        0x6 pinio.o
                0x00004004                power_off
 .text.serial_init
                0x0000400a       0x28 serial.o
                0x0000400a                serial_init
 .text.__vector_25
                0x00004032       0x72 serial.o
                0x00004032                __vector_25
 .text.__vector_26
                0x000040a4       0x76 serial.o
                0x000040a4                __vector_26
 .text.serial_rxchars
                0x0000411a        0xe serial.o
                0x0000411a                serial_rxchars
 .text.serial_popchar
                0x00004128       0x34 serial.o
                0x00004128                serial_popchar
 .text.serial_writechar
                0x0000415c       0x60 serial.o
                0x0000415c                serial_writechar
 .text.serial_writestr_P
                0x000041bc       0x24 serial.o
                0x000041bc                serial_writestr_P
 .text.serwrite_hex4
                0x000041e0        0xe sermsg.o
                0x000041e0                serwrite_hex4
 .text.serwrite_hex8
                0x000041ee       0x12 sermsg.o
                0x000041ee                serwrite_hex8
 .text.serwrite_hex16
                0x00004200        0xe sermsg.o
                0x00004200                serwrite_hex16
 .text.serwrite_hex32
                0x0000420e       0x1c sermsg.o
                0x0000420e                serwrite_hex32
 .text.serwrite_uint32
                0x0000422a       0x72 sermsg.o
                0x0000422a                serwrite_uint32
 .text.serwrite_int32
                0x0000429c       0x32 sermsg.o
                0x0000429c                serwrite_int32
 .text.serwrite_uint32_vf
                0x000042ce       0x8e sermsg.o
                0x000042ce                serwrite_uint32_vf
 .text.serwrite_int32_vf
                0x0000435c       0x46 sermsg.o
                0x0000435c                serwrite_int32_vf
 .text.sersendf_P
                0x000043a2      0x158 sersendf.o
                0x000043a2                sersendf_P
 .text.single_temp_print
                0x000044fa       0x46 temp.o
 .text.temp_init
                0x00004540        0x2 temp.o
                0x00004540                temp_init
 .text.temp_sensor_tick
                0x00004542      0x18c temp.o
                0x00004542                temp_sensor_tick
 .text.temp_achieved
                0x000046ce       0x16 temp.o
                0x000046ce                temp_achieved
 .text.temp_set
                0x000046e4       0x24 temp.o
                0x000046e4                temp_set
 .text.temp_print
                0x00004708       0x48 temp.o
                0x00004708                temp_print
 .text.__vector_43
                0x00004750       0x7e timer.o
                0x00004750                __vector_43
 .text.__vector_42
                0x000047ce       0xe8 timer.o
                0x000047ce                __vector_42
 .text.unlikely.timer_init
                0x000048b6       0x1e timer.o
                0x000048b6                timer_init
 .text.setTimer
                0x000048d4       0xb2 timer.o
                0x000048d4                setTimer
 .text.timer_stop
                0x00004986        0x6 timer.o
                0x00004986                timer_stop
 .text.avr-libc.fplib
                0x0000498c        0x8 c:/program files (x86)/atmel/atmel toolchain/avr8 gcc/native/3.4.2.1002/avr8-gnu-toolchain/bin/../lib/gcc/avr/4.7.2/../../../../avr/lib/avr6\libm.a(cmpsf2.o)
                0x0000498c                __nesf2
                0x0000498c                __eqsf2
                0x0000498c                __cmpsf2
                0x0000498c                __ltsf2
                0x0000498c                __lesf2
 .text.avr-libc.fplib
                0x00004994       0x7a c:/program files (x86)/atmel/atmel toolchain/avr8 gcc/native/3.4.2.1002/avr8-gnu-toolchain/bin/../lib/gcc/avr/4.7.2/../../../../avr/lib/avr6\libm.a(floatsisf.o)
                0x00004994                __floatunsisf
                0x00004998                __floatsisf
 .text.avr-libc.fplib
                0x00004a0e       0x48 c:/program files (x86)/atmel/atmel toolchain/avr8 gcc/native/3.4.2.1002/avr8-gnu-toolchain/bin/../lib/gcc/avr/4.7.2/../../../../avr/lib/avr6\libm.a(fp_cmp.o)
                0x00004a0e                __fp_cmp
 .text.avr-libc.fplib
                0x00004a56        0x8 c:/program files (x86)/atmel/atmel toolchain/avr8 gcc/native/3.4.2.1002/avr8-gnu-toolchain/bin/../lib/gcc/avr/4.7.2/../../../../avr/lib/avr6\libm.a(gesf2.o)
                0x00004a56                __gesf2
                0x00004a56                __gtsf2
 .text.libgcc.mul
                0x00004a5e       0x1e c:/program files (x86)/atmel/atmel toolchain/avr8 gcc/native/3.4.2.1002/avr8-gnu-toolchain/bin/../lib/gcc/avr/4.7.2/avr6\libgcc.a(_mulsi3.o)
                0x00004a5e                __mulsi3
 .text.libgcc.div
                0x00004a7c       0x28 c:/program files (x86)/atmel/atmel toolchain/avr8 gcc/native/3.4.2.1002/avr8-gnu-toolchain/bin/../lib/gcc/avr/4.7.2/avr6\libgcc.a(_udivmodhi4.o)
                0x00004a7c                __udivmodhi4
 .text.libgcc.div
                0x00004aa4       0x44 c:/program files (x86)/atmel/atmel toolchain/avr8 gcc/native/3.4.2.1002/avr8-gnu-toolchain/bin/../lib/gcc/avr/4.7.2/avr6\libgcc.a(_udivmodsi4.o)
                0x00004aa4                __udivmodsi4
 .text.libgcc.div
                0x00004ae8       0x36 c:/program files (x86)/atmel/atmel toolchain/avr8 gcc/native/3.4.2.1002/avr8-gnu-toolchain/bin/../lib/gcc/avr/4.7.2/avr6\libgcc.a(_divmodsi4.o)
                0x00004ae8                __divmodsi4
 .text.libgcc.mul
                0x00004b1e       0x18 c:/program files (x86)/atmel/atmel toolchain/avr8 gcc/native/3.4.2.1002/avr8-gnu-toolchain/bin/../lib/gcc/avr/4.7.2/avr6\libgcc.a(_umulhisi3.o)
                0x00004b1e                __umulhisi3
 .text.libgcc.mul
                0x00004b36       0x14 c:/program files (x86)/atmel/atmel toolchain/avr8 gcc/native/3.4.2.1002/avr8-gnu-toolchain/bin/../lib/gcc/avr/4.7.2/avr6\libgcc.a(_muluhisi3.o)
                0x00004b36                __muluhisi3
 .text.libgcc.mul
                0x00004b4a        0xc c:/program files (x86)/atmel/atmel toolchain/avr8 gcc/native/3.4.2.1002/avr8-gnu-toolchain/bin/../lib/gcc/avr/4.7.2/avr6\libgcc.a(_mulshisi3.o)
                0x00004b4a                __mulshisi3
                0x00004b4e                __mulohisi3
 .text.avr-libc
                0x00004b56        0xa c:/program files (x86)/atmel/atmel toolchain/avr8 gcc/native/3.4.2.1002/avr8-gnu-toolchain/bin/../lib/gcc/avr/4.7.2/../../../../avr/lib/avr6\libc.a(eerd_dword_atmega2560.o)
                0x00004b56                __eerd_float_m2560
                0x00004b56                __eerd_dword_m2560
 .text.avr-libc
                0x00004b60        0xa c:/program files (x86)/atmel/atmel toolchain/avr8 gcc/native/3.4.2.1002/avr8-gnu-toolchain/bin/../lib/gcc/avr/4.7.2/../../../../avr/lib/avr6\libc.a(eerd_word_atmega2560.o)
                0x00004b60                __eerd_word_m2560
 .text.avr-libc
                0x00004b6a        0xa c:/program files (x86)/atmel/atmel toolchain/avr8 gcc/native/3.4.2.1002/avr8-gnu-toolchain/bin/../lib/gcc/avr/4.7.2/../../../../avr/lib/avr6\libc.a(eewr_dword_atmega2560.o)
                0x00004b6a                __eewr_float_m2560
                0x00004b6a                __eewr_dword_m2560
 .text.avr-libc
                0x00004b74        0x6 c:/program files (x86)/atmel/atmel toolchain/avr8 gcc/native/3.4.2.1002/avr8-gnu-toolchain/bin/../lib/gcc/avr/4.7.2/../../../../avr/lib/avr6\libc.a(eewr_word_atmega2560.o)
                0x00004b74                __eewr_word_m2560
 .text.avr-libc
                0x00004b7a       0x20 c:/program files (x86)/atmel/atmel toolchain/avr8 gcc/native/3.4.2.1002/avr8-gnu-toolchain/bin/../lib/gcc/avr/4.7.2/../../../../avr/lib/avr6\libc.a(eerd_block_atmega2560.o)
                0x00004b7a                __eerd_block_m2560
                0x00004b7e                __eerd_blraw_m2560
 .text.avr-libc
                0x00004b9a       0x1c c:/program files (x86)/atmel/atmel toolchain/avr8 gcc/native/3.4.2.1002/avr8-gnu-toolchain/bin/../lib/gcc/avr/4.7.2/../../../../avr/lib/avr6\libc.a(eewr_byte_atmega2560.o)
                0x00004b9a                __eewr_byte_m2560
                0x00004b9c                __eewr_r18_m2560
                0x00004bb6                . = ALIGN (0x2)
 *(.fini9)
 .fini9         0x00004bb6        0x0 c:/program files (x86)/atmel/atmel toolchain/avr8 gcc/native/3.4.2.1002/avr8-gnu-toolchain/bin/../lib/gcc/avr/4.7.2/avr6\libgcc.a(_exit.o)
                0x00004bb6                _exit
                0x00004bb6                exit
 *(.fini9)
 *(.fini8)
 *(.fini8)
 *(.fini7)
 *(.fini7)
 *(.fini6)
 *(.fini6)
 *(.fini5)
 *(.fini5)
 *(.fini4)
 *(.fini4)
 *(.fini3)
 *(.fini3)
 *(.fini2)
 *(.fini2)
 *(.fini1)
 *(.fini1)
 *(.fini0)
 .fini0         0x00004bb6        0x4 c:/program files (x86)/atmel/atmel toolchain/avr8 gcc/native/3.4.2.1002/avr8-gnu-toolchain/bin/../lib/gcc/avr/4.7.2/avr6\libgcc.a(_exit.o)
 *(.fini0)
                0x00004bba                _etext = .

.data           0x00800200       0x32 load address 0x00004bba
                0x00800200                PROVIDE (__data_start, .)
 *(.data)
 .data          0x00800200        0x0 c:/program files (x86)/atmel/atmel toolchain/avr8 gcc/native/3.4.2.1002/avr8-gnu-toolchain/bin/../lib/gcc/avr/4.7.2/../../../../avr/lib/avr6/crtm2560.o
 .data          0x00800200        0x0 analog.o
 .data          0x00800200        0x0 clock.o
 .data          0x00800200        0x0 copier.o
 .data          0x00800200        0x0 crc.o
 .data          0x00800200        0x0 dda.o
 .data          0x00800200        0x0 dda_lookahead.o
 .data          0x00800200        0x0 dda_maths.o
 .data          0x00800200        0x0 dda_queue.o
 .data          0x00800200        0x0 debug.o
 .data          0x00800200        0x0 delay.o
 .data          0x00800200        0x0 gcode_parse.o
 .data          0x00800200        0x0 gcode_process.o
 .data          0x00800200        0x0 graycode.o
 .data          0x00800200        0x0 heater.o
 .data          0x00800200        0x0 home.o
 .data          0x00800200        0x0 intercom.o
 .data          0x00800200        0x0 mendel.o
 .data          0x00800200        0x0 pinio.o
 .data          0x00800200        0x0 sd.o
 .data          0x00800200        0x0 serial.o
 .data          0x00800200        0x0 sermsg.o
 .data          0x00800200        0x0 sersendf.o
 .data          0x00800200        0x0 temp.o
 .data          0x00800200        0x0 timer.o
 .data          0x00800200        0x0 usb_serial.o
 .data          0x00800200        0x0 watchdog.o
 .data          0x00800200        0x0 c:/program files (x86)/atmel/atmel toolchain/avr8 gcc/native/3.4.2.1002/avr8-gnu-toolchain/bin/../lib/gcc/avr/4.7.2/../../../../avr/lib/avr6\libm.a(cmpsf2.o)
 .data          0x00800200        0x0 c:/program files (x86)/atmel/atmel toolchain/avr8 gcc/native/3.4.2.1002/avr8-gnu-toolchain/bin/../lib/gcc/avr/4.7.2/../../../../avr/lib/avr6\libm.a(floatsisf.o)
 .data          0x00800200        0x0 c:/program files (x86)/atmel/atmel toolchain/avr8 gcc/native/3.4.2.1002/avr8-gnu-toolchain/bin/../lib/gcc/avr/4.7.2/../../../../avr/lib/avr6\libm.a(fp_cmp.o)
 .data          0x00800200        0x0 c:/program files (x86)/atmel/atmel toolchain/avr8 gcc/native/3.4.2.1002/avr8-gnu-toolchain/bin/../lib/gcc/avr/4.7.2/../../../../avr/lib/avr6\libm.a(gesf2.o)
 .data          0x00800200        0x0 c:/program files (x86)/atmel/atmel toolchain/avr8 gcc/native/3.4.2.1002/avr8-gnu-toolchain/bin/../lib/gcc/avr/4.7.2/avr6\libgcc.a(_mulsi3.o)
 .data          0x00800200        0x0 c:/program files (x86)/atmel/atmel toolchain/avr8 gcc/native/3.4.2.1002/avr8-gnu-toolchain/bin/../lib/gcc/avr/4.7.2/avr6\libgcc.a(_udivmodhi4.o)
 .data          0x00800200        0x0 c:/program files (x86)/atmel/atmel toolchain/avr8 gcc/native/3.4.2.1002/avr8-gnu-toolchain/bin/../lib/gcc/avr/4.7.2/avr6\libgcc.a(_udivmodsi4.o)
 .data          0x00800200        0x0 c:/program files (x86)/atmel/atmel toolchain/avr8 gcc/native/3.4.2.1002/avr8-gnu-toolchain/bin/../lib/gcc/avr/4.7.2/avr6\libgcc.a(_divmodsi4.o)
 .data          0x00800200        0x0 c:/program files (x86)/atmel/atmel toolchain/avr8 gcc/native/3.4.2.1002/avr8-gnu-toolchain/bin/../lib/gcc/avr/4.7.2/avr6\libgcc.a(_exit.o)
 .data          0x00800200        0x0 c:/program files (x86)/atmel/atmel toolchain/avr8 gcc/native/3.4.2.1002/avr8-gnu-toolchain/bin/../lib/gcc/avr/4.7.2/avr6\libgcc.a(_copy_data.o)
 .data          0x00800200        0x0 c:/program files (x86)/atmel/atmel toolchain/avr8 gcc/native/3.4.2.1002/avr8-gnu-toolchain/bin/../lib/gcc/avr/4.7.2/avr6\libgcc.a(_clear_bss.o)
 .data          0x00800200        0x0 c:/program files (x86)/atmel/atmel toolchain/avr8 gcc/native/3.4.2.1002/avr8-gnu-toolchain/bin/../lib/gcc/avr/4.7.2/avr6\libgcc.a(_umulhisi3.o)
 .data          0x00800200        0x0 c:/program files (x86)/atmel/atmel toolchain/avr8 gcc/native/3.4.2.1002/avr8-gnu-toolchain/bin/../lib/gcc/avr/4.7.2/avr6\libgcc.a(_muluhisi3.o)
 .data          0x00800200        0x0 c:/program files (x86)/atmel/atmel toolchain/avr8 gcc/native/3.4.2.1002/avr8-gnu-toolchain/bin/../lib/gcc/avr/4.7.2/avr6\libgcc.a(_mulshisi3.o)
 .data          0x00800200        0x0 c:/program files (x86)/atmel/atmel toolchain/avr8 gcc/native/3.4.2.1002/avr8-gnu-toolchain/bin/../lib/gcc/avr/4.7.2/../../../../avr/lib/avr6\libc.a(eerd_dword_atmega2560.o)
 .data          0x00800200        0x0 c:/program files (x86)/atmel/atmel toolchain/avr8 gcc/native/3.4.2.1002/avr8-gnu-toolchain/bin/../lib/gcc/avr/4.7.2/../../../../avr/lib/avr6\libc.a(eerd_word_atmega2560.o)
 .data          0x00800200        0x0 c:/program files (x86)/atmel/atmel toolchain/avr8 gcc/native/3.4.2.1002/avr8-gnu-toolchain/bin/../lib/gcc/avr/4.7.2/../../../../avr/lib/avr6\libc.a(eewr_dword_atmega2560.o)
 .data          0x00800200        0x0 c:/program files (x86)/atmel/atmel toolchain/avr8 gcc/native/3.4.2.1002/avr8-gnu-toolchain/bin/../lib/gcc/avr/4.7.2/../../../../avr/lib/avr6\libc.a(eewr_word_atmega2560.o)
 .data          0x00800200        0x0 c:/program files (x86)/atmel/atmel toolchain/avr8 gcc/native/3.4.2.1002/avr8-gnu-toolchain/bin/../lib/gcc/avr/4.7.2/../../../../avr/lib/avr6\libc.a(eerd_block_atmega2560.o)
 .data          0x00800200        0x0 c:/program files (x86)/atmel/atmel toolchain/avr8 gcc/native/3.4.2.1002/avr8-gnu-toolchain/bin/../lib/gcc/avr/4.7.2/../../../../avr/lib/avr6\libc.a(eewr_byte_atmega2560.o)
 *(.data*)
 *(.rodata)
 *(.rodata*)
 .rodata.heaters
                0x00800200        0xa heater.o
 .rodata.powers
                0x0080020a       0x28 sermsg.o
                0x0080020a                powers
 *(.gnu.linkonce.d*)
                0x00800232                . = ALIGN (0x2)
                0x00800232                _edata = .
                0x00800232                PROVIDE (__data_end, .)

.bss            0x00800232      0x371
                0x00800232                PROVIDE (__bss_start, .)
 *(.bss)
 .bss           0x00800232        0x2 analog.o
 .bss           0x00800234       0x71 dda.o
                0x00800234                move_state
                0x00800266                current_position
                0x0080027b                startpoint_steps
                0x00800290                startpoint
 .bss           0x008002a5      0x1e0 dda_queue.o
                0x008002a5                movebuffer
 .bss           0x00800485       0x2e gcode_parse.o
                0x00800485                next_target
                0x008004ae                read_digit
 *(.bss*)
 .bss.adc_counter
                0x008004b3        0x1 analog.o
 .bss._YEncoderTicks
                0x008004b4        0x4 dda.o
                0x008004b4                _YEncoderTicks
 .bss._XEncoderTicks
                0x008004b8        0x4 dda.o
                0x008004b8                _XEncoderTicks
 .bss.mb_tail   0x008004bc        0x1 dda_queue.o
                0x008004bc                mb_tail
 .bss.mb_head   0x008004bd        0x1 dda_queue.o
                0x008004bd                mb_head
 .bss.last_field
                0x008004be        0x1 gcode_parse.o
                0x008004be                last_field
 .bss.psu_timeout
                0x008004bf        0x1 pinio.o
                0x008004bf                psu_timeout
 .bss.ps_is_on  0x008004c0        0x1 pinio.o
 .bss.txtail    0x008004c1        0x1 serial.o
                0x008004c1                txtail
 .bss.txhead    0x008004c2        0x1 serial.o
                0x008004c2                txhead
 .bss.rxtail    0x008004c3        0x1 serial.o
                0x008004c3                rxtail
 .bss.rxhead    0x008004c4        0x1 serial.o
                0x008004c4                rxhead
 .bss.clock_flag_1s
                0x008004c5        0x1 timer.o
                0x008004c5                clock_flag_1s
 .bss.clock_flag_250ms
                0x008004c6        0x1 timer.o
                0x008004c6                clock_flag_250ms
 .bss.clock_flag_10ms
                0x008004c7        0x1 timer.o
                0x008004c7                clock_flag_10ms
 .bss.clock_counter_1s
                0x008004c8        0x1 timer.o
                0x008004c8                clock_counter_1s
 .bss.clock_counter_250ms
                0x008004c9        0x1 timer.o
                0x008004c9                clock_counter_250ms
 .bss.clock_counter_10ms
                0x008004ca        0x1 timer.o
                0x008004ca                clock_counter_10ms
 *(COMMON)
 COMMON         0x008004cb        0x4 dda.o
                0x008004cb                _XEncoderBSet
                0x008004cc                _YEncoderBSet
                0x008004cd                _YEncoderISet
                0x008004ce                _XEncoderISet
 COMMON         0x008004cf        0x1 debug.o
                0x008004cf                debug_flags
 COMMON         0x008004d0        0x2 gcode_process.o
                0x008004d0                next_tool
                0x008004d1                tool
 COMMON         0x008004d2       0x44 heater.o
                0x008004d2                heaters_runtime
                0x008004fa                heaters_pid
 COMMON         0x00800516       0x80 serial.o
                0x00800516                rxbuf
                0x00800556                txbuf
 COMMON         0x00800596        0x9 temp.o
                0x00800596                temp_sensors_runtime
 COMMON         0x0080059f        0x4 timer.o
                0x0080059f                next_step_time
                0x008005a3                PROVIDE (__bss_end, .)
                0x00004bba                __data_load_start = LOADADDR (.data)
                0x00004bec                __data_load_end = (__data_load_start + SIZEOF (.data))

.noinit         0x008005a3        0x0
                0x008005a3                PROVIDE (__noinit_start, .)
 *(.noinit*)
                0x008005a3                PROVIDE (__noinit_end, .)
                0x008005a3                _end = .
                0x008005a3                PROVIDE (__heap_start, .)

.eeprom         0x00810000       0x20
 *(.eeprom*)
 .eeprom        0x00810000       0x20 heater.o
                0x00810000                EE_factors
                0x00810020                __eeprom_end = .

.fuse
 *(.fuse)
 *(.lfuse)
 *(.hfuse)
 *(.efuse)

.lock
 *(.lock*)

.signature
 *(.signature*)

.user_signatures
 *(.user_signatures*)

.stab           0x00000000     0x1074
 *(.stab)
 .stab          0x00000000      0x6e4 c:/program files (x86)/atmel/atmel toolchain/avr8 gcc/native/3.4.2.1002/avr8-gnu-toolchain/bin/../lib/gcc/avr/4.7.2/../../../../avr/lib/avr6/crtm2560.o
 .stab          0x000006e4       0x90 c:/program files (x86)/atmel/atmel toolchain/avr8 gcc/native/3.4.2.1002/avr8-gnu-toolchain/bin/../lib/gcc/avr/4.7.2/../../../../avr/lib/avr6\libm.a(cmpsf2.o)
                                 0x9c (size before relaxing)
 .stab          0x00000774      0x318 c:/program files (x86)/atmel/atmel toolchain/avr8 gcc/native/3.4.2.1002/avr8-gnu-toolchain/bin/../lib/gcc/avr/4.7.2/../../../../avr/lib/avr6\libm.a(floatsisf.o)
                                0x324 (size before relaxing)
 .stab          0x00000a8c      0x1e0 c:/program files (x86)/atmel/atmel toolchain/avr8 gcc/native/3.4.2.1002/avr8-gnu-toolchain/bin/../lib/gcc/avr/4.7.2/../../../../avr/lib/avr6\libm.a(fp_cmp.o)
                                0x1ec (size before relaxing)
 .stab          0x00000c6c       0x6c c:/program files (x86)/atmel/atmel toolchain/avr8 gcc/native/3.4.2.1002/avr8-gnu-toolchain/bin/../lib/gcc/avr/4.7.2/../../../../avr/lib/avr6\libm.a(gesf2.o)
                                 0x78 (size before relaxing)
 .stab          0x00000cd8       0x78 c:/program files (x86)/atmel/atmel toolchain/avr8 gcc/native/3.4.2.1002/avr8-gnu-toolchain/bin/../lib/gcc/avr/4.7.2/../../../../avr/lib/avr6\libc.a(eerd_dword_atmega2560.o)
                                 0x84 (size before relaxing)
 .stab          0x00000d50       0x6c c:/program files (x86)/atmel/atmel toolchain/avr8 gcc/native/3.4.2.1002/avr8-gnu-toolchain/bin/../lib/gcc/avr/4.7.2/../../../../avr/lib/avr6\libc.a(eerd_word_atmega2560.o)
                                 0x78 (size before relaxing)
 .stab          0x00000dbc       0x78 c:/program files (x86)/atmel/atmel toolchain/avr8 gcc/native/3.4.2.1002/avr8-gnu-toolchain/bin/../lib/gcc/avr/4.7.2/../../../../avr/lib/avr6\libc.a(eewr_dword_atmega2560.o)
                                 0x84 (size before relaxing)
 .stab          0x00000e34       0x54 c:/program files (x86)/atmel/atmel toolchain/avr8 gcc/native/3.4.2.1002/avr8-gnu-toolchain/bin/../lib/gcc/avr/4.7.2/../../../../avr/lib/avr6\libc.a(eewr_word_atmega2560.o)
                                 0x60 (size before relaxing)
 .stab          0x00000e88      0x108 c:/program files (x86)/atmel/atmel toolchain/avr8 gcc/native/3.4.2.1002/avr8-gnu-toolchain/bin/../lib/gcc/avr/4.7.2/../../../../avr/lib/avr6\libc.a(eerd_block_atmega2560.o)
                                0x114 (size before relaxing)
 .stab          0x00000f90       0xe4 c:/program files (x86)/atmel/atmel toolchain/avr8 gcc/native/3.4.2.1002/avr8-gnu-toolchain/bin/../lib/gcc/avr/4.7.2/../../../../avr/lib/avr6\libc.a(eewr_byte_atmega2560.o)
                                 0xf0 (size before relaxing)

.stabstr        0x00000000      0x526
 *(.stabstr)
 .stabstr       0x00000000      0x526 c:/program files (x86)/atmel/atmel toolchain/avr8 gcc/native/3.4.2.1002/avr8-gnu-toolchain/bin/../lib/gcc/avr/4.7.2/../../../../avr/lib/avr6/crtm2560.o

.stab.excl
 *(.stab.excl)

.stab.exclstr
 *(.stab.exclstr)

.stab.index
 *(.stab.index)

.stab.indexstr
 *(.stab.indexstr)

.comment        0x00000000       0x2f
 *(.comment)
 .comment       0x00000000       0x2f analog.o
                                 0x30 (size before relaxing)
 .comment       0x00000000       0x30 clock.o
 .comment       0x00000000       0x30 copier.o
 .comment       0x00000000       0x30 crc.o
 .comment       0x00000000       0x30 dda.o
 .comment       0x00000000       0x30 dda_lookahead.o
 .comment       0x00000000       0x30 dda_maths.o
 .comment       0x00000000       0x30 dda_queue.o
 .comment       0x00000000       0x30 debug.o
 .comment       0x00000000       0x30 delay.o
 .comment       0x00000000       0x30 gcode_parse.o
 .comment       0x00000000       0x30 gcode_process.o
 .comment       0x00000000       0x30 graycode.o
 .comment       0x00000000       0x30 heater.o
 .comment       0x00000000       0x30 home.o
 .comment       0x00000000       0x30 intercom.o
 .comment       0x00000000       0x30 mendel.o
 .comment       0x00000000       0x30 pinio.o
 .comment       0x00000000       0x30 sd.o
 .comment       0x00000000       0x30 serial.o
 .comment       0x00000000       0x30 sermsg.o
 .comment       0x00000000       0x30 sersendf.o
 .comment       0x00000000       0x30 temp.o
 .comment       0x00000000       0x30 timer.o
 .comment       0x00000000       0x30 usb_serial.o
 .comment       0x00000000       0x30 watchdog.o

.debug
 *(.debug)

.line
 *(.line)

.debug_srcinfo
 *(.debug_srcinfo)

.debug_sfnames
 *(.debug_sfnames)

.debug_aranges
 *(.debug_aranges)

.debug_pubnames
 *(.debug_pubnames)

.debug_info
 *(.debug_info)
 *(.gnu.linkonce.wi.*)

.debug_abbrev
 *(.debug_abbrev)

.debug_line
 *(.debug_line)

.debug_frame
 *(.debug_frame)

.debug_str
 *(.debug_str)

.debug_loc
 *(.debug_loc)

.debug_macinfo
 *(.debug_macinfo)

.debug_pubtypes
 *(.debug_pubtypes)

.debug_ranges
 *(.debug_ranges)

.debug_macro
 *(.debug_macro)
OUTPUT(GccApplication1.elf elf32-avr)
LOAD linker stubs
